BL51 BANKED LINKER/LOCATER V6.22                                                        02/28/2019  18:33:07  PAGE 1


BL51 BANKED LINKER/LOCATER V6.22, INVOKED BY:
C:\KEIL_V5\C51\BIN\BL51.EXE .\Output\STARTUP.obj, .\Output\pro.obj, .\Output\IAP15W4K32S4_IT.obj, .\Output\uart.obj, .\O
>> utput\eeprom.obj, .\Output\delay.obj, .\Output\io.obj, .\Output\adc.obj, .\Output\mt8880.obj, .\Output\user_timer.obj
>> , .\Output\command.obj, .\Output\exint.obj, .\Output\sort.obj, .\Output\x9c104.obj TO .\Output\pro PRINT (.\Listings\
>> pro.m51) RAMSIZE (256) DISABLEWARNING (16)


MEMORY MODEL: SMALL


INPUT MODULES INCLUDED:
  .\Output\STARTUP.obj (?C_STARTUP)
  .\Output\pro.obj (PRO)
  .\Output\IAP15W4K32S4_IT.obj (IAP15W4K32S4_IT)
  .\Output\uart.obj (UART)
  .\Output\eeprom.obj (EEPROM)
  .\Output\delay.obj (DELAY)
  .\Output\io.obj (IO)
  .\Output\adc.obj (ADC)
  .\Output\mt8880.obj (MT8880)
  .\Output\user_timer.obj (USER_TIMER)
  .\Output\command.obj (COMMAND)
  .\Output\exint.obj (EXINT)
  .\Output\sort.obj (SORT)
  .\Output\x9c104.obj (X9C104)
  C:\KEIL_V5\C51\LIB\C51S.LIB (?C_INIT)
  C:\KEIL_V5\C51\LIB\C51S.LIB (?C?COPY)
  C:\KEIL_V5\C51\LIB\C51S.LIB (?C?CLDPTR)
  C:\KEIL_V5\C51\LIB\C51S.LIB (?C?CLDOPTR)
  C:\KEIL_V5\C51\LIB\C51S.LIB (?C?CILDOPTR)
  C:\KEIL_V5\C51\LIB\C51S.LIB (?C?CSTPTR)
  C:\KEIL_V5\C51\LIB\C51S.LIB (?C?CSTOPTR)
  C:\KEIL_V5\C51\LIB\C51S.LIB (?C?UIDIV)
  C:\KEIL_V5\C51\LIB\C51S.LIB (?C?ILDPTR)
  C:\KEIL_V5\C51\LIB\C51S.LIB (?C?ILDOPTR)
  C:\KEIL_V5\C51\LIB\C51S.LIB (?C?ISTPTR)
  C:\KEIL_V5\C51\LIB\C51S.LIB (?C?ISTOPTR)
  C:\KEIL_V5\C51\LIB\C51S.LIB (?C?LMUL)
  C:\KEIL_V5\C51\LIB\C51S.LIB (?C?ULDIV)
  C:\KEIL_V5\C51\LIB\C51S.LIB (?C?LSHL)
  C:\KEIL_V5\C51\LIB\C51S.LIB (?C?LLDOPTR)
  C:\KEIL_V5\C51\LIB\C51S.LIB (?C?LSTOPTR)
  C:\KEIL_V5\C51\LIB\C51S.LIB (?C?LLDOPTR0)
  C:\KEIL_V5\C51\LIB\C51S.LIB (?C?LSTKOPTR)
  C:\KEIL_V5\C51\LIB\C51S.LIB (?C?CCASE)
  C:\KEIL_V5\C51\LIB\C51S.LIB (?C?STRCMP)
  C:\KEIL_V5\C51\LIB\C51S.LIB (?C?MEMSET)
  C:\KEIL_V5\C51\LIB\C51S.LIB (MALLOC)
  C:\KEIL_V5\C51\LIB\C51S.LIB (INIT_MEM)
  C:\KEIL_V5\C51\LIB\C51S.LIB (CALLOC)
  C:\KEIL_V5\C51\LIB\C51S.LIB (FREE)
  C:\KEIL_V5\C51\LIB\C51S.LIB (?C?IMUL)
  C:\KEIL_V5\C51\LIB\C51S.LIB (?C?IILDX)
  C:\KEIL_V5\C51\LIB\C51S.LIB (?C?LLDIDATA)
  C:\KEIL_V5\C51\LIB\C51S.LIB (?C?LLDXDATA)
  C:\KEIL_V5\C51\LIB\C51S.LIB (?C?LLDPDATA)
  C:\KEIL_V5\C51\LIB\C51S.LIB (?C?LLDCODE)
  C:\KEIL_V5\C51\LIB\C51S.LIB (?C?LLDIDATA0)
BL51 BANKED LINKER/LOCATER V6.22                                                      02/28/2019  18:33:07  PAGE 2


  C:\KEIL_V5\C51\LIB\C51S.LIB (?C?LLDXDATA0)
  C:\KEIL_V5\C51\LIB\C51S.LIB (?C?LLDPDATA0)
  C:\KEIL_V5\C51\LIB\C51S.LIB (?C?LLDCODE0)
  C:\KEIL_V5\C51\LIB\C51S.LIB (?C?LSTIDATA)
  C:\KEIL_V5\C51\LIB\C51S.LIB (?C?LSTXDATA)
  C:\KEIL_V5\C51\LIB\C51S.LIB (?C?LSTPDATA)
  C:\KEIL_V5\C51\LIB\C51S.LIB (?C?LSTKIDATA)
  C:\KEIL_V5\C51\LIB\C51S.LIB (?C?LSTKXDATA)
  C:\KEIL_V5\C51\LIB\C51S.LIB (?C?LSTKPDATA)


LINK MAP OF MODULE:  .\Output\pro (?C_STARTUP)


            TYPE    BASE      LENGTH    RELOCATION   SEGMENT NAME
            -----------------------------------------------------

            * * * * * * *   D A T A   M E M O R Y   * * * * * * *
            REG     0000H     0008H     ABSOLUTE     "REG BANK 0"
            DATA    0008H     0008H     UNIT         ?DT?_INSERT_SORT?SORT
            DATA    0010H     0005H     UNIT         ?DT?IAP15W4K32S4_IT
            DATA    0015H     0003H     UNIT         ?DT?PRO
            DATA    0018H     0003H     UNIT         ?DT?_GET_MODE?MT8880
            DATA    001BH     0003H     UNIT         ?DT?COMMAND
            DATA    001EH     0002H     UNIT         ?DT?X9C104
            BIT     0020H.0   0000H.5   UNIT         ?BI?IAP15W4K32S4_IT
            BIT     0020H.5   0000H.3   UNIT         _BIT_GROUP_
            BIT     0021H.0   0000H.1   UNIT         ?BI?TIMER4_CMD_IT?IAP15W4K32S4_IT
            BIT     0021H.1   0000H.1   UNIT         ?BI?TIMER3_CMD?USER_TIMER
            BIT     0021H.2   0000H.1   UNIT         ?BI?TIMER1_CMD?USER_TIMER
            BIT     0021H.3   0000H.1   UNIT         ?BI?EXINT0_CMD?EXINT
            BIT     0021H.4   0000H.1   UNIT         ?BI?EXINT1_CMD?EXINT
                    0021H.5   0000H.3                *** GAP ***
            DATA    0022H     0022H     UNIT         _DATA_GROUP_
            DATA    0044H     0003H     UNIT         ?DT?_X9C104_CMD?X9C104
            DATA    0047H     0001H     UNIT         ?DT?MT8880_READ_RECEIVE_DATA_IT?IAP15W4K32S4_IT
            DATA    0048H     0001H     UNIT         ?DT?X9C104_INIT?X9C104
            IDATA   0049H     0001H     UNIT         ?STACK

            * * * * * * *  X D A T A   M E M O R Y  * * * * * * *
            XDATA   0000H     0800H     UNIT         ?XD?PRO
            XDATA   0800H     0008H     UNIT         ?XD?IAP15W4K32S4_IT
            XDATA   0808H     0008H     UNIT         ?XD?INIT_MEM
            XDATA   0810H     0006H     UNIT         ?XD?_GET_MODE?MT8880
            XDATA   0816H     0005H     UNIT         _XDATA_GROUP_
            XDATA   081BH     0002H     UNIT         ?XD?COMMAND

            * * * * * * *   C O D E   M E M O R Y   * * * * * * *
            CODE    0000H     0003H     ABSOLUTE     
            CODE    0003H     0003H     ABSOLUTE     
            CODE    0006H     0005H     UNIT         ?PR?DELAY1US_IT?IAP15W4K32S4_IT
            CODE    000BH     0003H     ABSOLUTE     
            CODE    000EH     0005H     UNIT         ?PR?DELAY1US?DELAY
            CODE    0013H     0003H     ABSOLUTE     
            CODE    0016H     000DH     UNIT         ?PR?MT8880_PTT_CMD?IO
            CODE    0023H     0003H     ABSOLUTE     
            CODE    0026H     002DH     UNIT         ?PR?_CALLOC?CALLOC
BL51 BANKED LINKER/LOCATER V6.22                                                      02/28/2019  18:33:07  PAGE 3


            CODE    0053H     0003H     ABSOLUTE     
            CODE    0056H     0034H     UNIT         ?PR?_MT8880_SEND_STRING?MT8880
            CODE    008AH     0001H     UNIT         ?PR?INT1_INTERRUPT?IAP15W4K32S4_IT
            CODE    008BH     0003H     ABSOLUTE     
            CODE    008EH     0785H     UNIT         ?C?LIB_CODE
            CODE    0813H     034EH     UNIT         ?PR?_COMMAND?COMMAND
            CODE    0B61H     01BCH     UNIT         ?PR?_ADC_ON?ADC
            CODE    0D1DH     0191H     UNIT         ?CO?COMMAND
            CODE    0EAEH     013AH     UNIT         ?PR?_GET_MODE?MT8880
            CODE    0FE8H     0117H     UNIT         ?PR?SYSTEM_1000MS_TICK_MISSION?COMMAND
            CODE    10FFH     0107H     UNIT         ?PR?_MT8880_SEND_ONE_BYTE?MT8880
            CODE    1206H     0104H     UNIT         ?PR?_FREE?FREE
            CODE    130AH     00C2H     UNIT         ?PR?_MT8880_WRITE_CONTROL_DATA?MT8880
            CODE    13CCH     00BCH     UNIT         ?PR?_INSERT_SORT?SORT
            CODE    1488H     00AAH     UNIT         ?PR?MT8880_BOOTUP_SETUP?MT8880
            CODE    1532H     00A7H     UNIT         ?PR?MT8880_LISTEN?MT8880
            CODE    15D9H     00A4H     UNIT         ?PR?_DECODE_TABLE?MT8880
            CODE    167DH     009CH     UNIT         ?PR?_MALLOC?MALLOC
            CODE    1719H     0094H     UNIT         ?PR?GET_COMMAND?COMMAND
            CODE    17ADH     008CH     UNIT         ?C_C51STARTUP
            CODE    1839H     0087H     UNIT         ?PR?_ENCODE_TABLE?MT8880
            CODE    18C0H     007DH     UNIT         ?PR?SYSTICK_TIMER0_INTERRUPT?IAP15W4K32S4_IT
            CODE    193DH     0078H     UNIT         ?PR?MT8880_IRQ_INT2_INTERRUPT?IAP15W4K32S4_IT
            CODE    19B5H     006EH     UNIT         ?PR?_X9C104_CMD?X9C104
            CODE    1A23H     006AH     UNIT         ?PR?MT8880_RECEIVE?MT8880
            CODE    1A8DH     005FH     UNIT         ?PR?SYSTEM_INIT?PRO
            CODE    1AECH     005AH     UNIT         ?PR?_INT_TO_ASCII?COMMAND
            CODE    1B46H     0053H     UNIT         ?PR?MT8880_GET_STATUS?MT8880
            CODE    1B99H     0053H     UNIT         ?PR?X9C104_INIT?X9C104
            CODE    1BECH     004FH     UNIT         ?PR?MT8880_GET_STATUS_IT?IAP15W4K32S4_IT
            CODE    1C3BH     004EH     UNIT         ?C_INITSEG
            CODE    1C89H     004DH     UNIT         ?PR?_EEPROM_WRITEBYTE?EEPROM
            CODE    1CD6H     003EH     UNIT         ?CO?MT8880
            CODE    1D14H     003DH     UNIT         ?PR?INT0_INTERRUPT?IAP15W4K32S4_IT
            CODE    1D51H     003DH     UNIT         ?PR?_MT8880_SEND_SEQUENCE_BYTE?MT8880
            CODE    1D8EH     003CH     UNIT         ?PR?_INIT_MEMPOOL?INIT_MEM
            CODE    1DCAH     002EH     UNIT         ?PR?MT8880_READ_RECEIVE_DATA_IT?IAP15W4K32S4_IT
            CODE    1DF8H     002EH     UNIT         ?PR?MT8880_READ_RECEIVE_DATA?MT8880
            CODE    1E26H     002BH     UNIT         ?PR?MT8880_TRANSMIT_STOP?MT8880
            CODE    1E51H     002AH     UNIT         ?PR?MT8880_TRANSMIT_START?MT8880
            CODE    1E7BH     0025H     UNIT         ?PR?_EEPROM_READBYTE?EEPROM
            CODE    1EA0H     0022H     UNIT         ?PR?_MT8880_WRITE_TRANSMIT_DATA?MT8880
            CODE    1EC2H     001AH     UNIT         ?PR?UART3_INTERRUPT?IAP15W4K32S4_IT
            CODE    1EDCH     001AH     UNIT         ?PR?IO_INIT?IO
            CODE    1EF6H     0019H     UNIT         ?PR?_DELAYMS?DELAY
            CODE    1F0FH     0018H     UNIT         ?PR?UART3_INIT?UART
            CODE    1F27H     0017H     UNIT         ?PR?UART1_INIT?UART
            CODE    1F3EH     0016H     UNIT         ?PR?_UART1_SENDSTRING?UART
            CODE    1F54H     0016H     UNIT         ?PR?_UART3_SENDSTRING?UART
            CODE    1F6AH     0015H     UNIT         ?PR?UART1_INTERRUPT?IAP15W4K32S4_IT
            CODE    1F7FH     0015H     UNIT         ?PR?TIMER0_INIT?USER_TIMER
            CODE    1F94H     0015H     UNIT         ?PR?TIMER1_INIT?USER_TIMER
            CODE    1FA9H     0013H     UNIT         ?PR?TIMER3_INIT?USER_TIMER
            CODE    1FBCH     0013H     UNIT         ?PR?TIMER4_INIT?USER_TIMER
            CODE    1FCFH     0011H     UNIT         ?PR?MAIN?PRO
            CODE    1FE0H     000DH     UNIT         ?PR?TIMER0_CMD?USER_TIMER
            CODE    1FEDH     000CH     UNIT         ?PR?TIMER1_CMD?USER_TIMER
BL51 BANKED LINKER/LOCATER V6.22                                                      02/28/2019  18:33:07  PAGE 4


            CODE    1FF9H     000BH     UNIT         ?PR?TIMER4_CMD_IT?IAP15W4K32S4_IT
            CODE    2004H     000BH     UNIT         ?PR?TIMER3_CMD?USER_TIMER
            CODE    200FH     000BH     UNIT         ?PR?TIMER4_CMD?USER_TIMER
            CODE    201AH     000BH     UNIT         ?PR?EXINT2_CMD?EXINT
            CODE    2025H     000AH     UNIT         ?CO?PRO
            CODE    202FH     0009H     UNIT         ?PR?HC05_CMD_IT?IAP15W4K32S4_IT
            CODE    2038H     0009H     UNIT         ?PR?HC05_CMD?IO
            CODE    2041H     0009H     UNIT         ?PR?EXINT0_INIT?EXINT
            CODE    204AH     0009H     UNIT         ?PR?EXINT1_INIT?EXINT
            CODE    2053H     0009H     UNIT         ?PR?EXINT0_CMD?EXINT
            CODE    205CH     0009H     UNIT         ?PR?EXINT1_CMD?EXINT
            CODE    2065H     0008H     UNIT         ?PR?_UART1_SENDBYTE?UART
            CODE    206DH     0008H     UNIT         ?PR?_UART3_SENDBYTE?UART
            CODE    2075H     0007H     UNIT         ?PR?DELAY2US?DELAY
            CODE    207CH     0006H     UNIT         ?PR?SERVICE?COMMAND
            CODE    2082H     0006H     UNIT         ?PR?EXINT2_INIT?EXINT
            CODE    2088H     0003H     UNIT         ?PR?_SEND_STRING_TO_CONSOLE?COMMAND
            CODE    208BH     0003H     UNIT         ?PR?_SEND_BYTE_TO_CONSOLE?COMMAND



OVERLAY MAP OF MODULE:   .\Output\pro (?C_STARTUP)


SEGMENT                                             BIT_GROUP          DATA_GROUP          XDATA_GROUP
  +--> CALLED SEGMENT                            START    LENGTH     START    LENGTH     START    LENGTH
--------------------------------------------------------------------------------------------------------
?C_C51STARTUP                                    -----    -----      -----    -----      -----    -----
  +--> ?PR?MAIN?PRO
  +--> ?C_INITSEG

?PR?MAIN?PRO                                     -----    -----      -----    -----      -----    -----
  +--> ?PR?SYSTEM_INIT?PRO
  +--> ?PR?MT8880_LISTEN?MT8880
  +--> ?PR?GET_COMMAND?COMMAND
  +--> ?PR?_COMMAND?COMMAND
  +--> ?PR?SERVICE?COMMAND

?PR?SYSTEM_INIT?PRO                              -----    -----      -----    -----      -----    -----
  +--> ?PR?IO_INIT?IO
  +--> ?PR?_INIT_MEMPOOL?INIT_MEM
  +--> ?PR?_CALLOC?CALLOC
  +--> ?PR?TIMER0_INIT?USER_TIMER
  +--> ?PR?TIMER4_INIT?USER_TIMER
  +--> ?PR?EXINT2_INIT?EXINT
  +--> ?PR?EXINT0_INIT?EXINT
  +--> ?PR?EXINT1_INIT?EXINT
  +--> ?PR?UART1_INIT?UART
  +--> ?PR?UART3_INIT?UART
  +--> ?PR?_DELAYMS?DELAY
  +--> ?PR?MT8880_BOOTUP_SETUP?MT8880
  +--> ?PR?HC05_CMD?IO
  +--> ?CO?PRO
  +--> ?PR?_SEND_STRING_TO_CONSOLE?COMMAND

?PR?_CALLOC?CALLOC                               -----    -----      0028H    0004H      -----    -----
  +--> ?PR?_MALLOC?MALLOC
BL51 BANKED LINKER/LOCATER V6.22                                                      02/28/2019  18:33:07  PAGE 5



?PR?_MALLOC?MALLOC                               -----    -----      0036H    0004H      -----    -----

?PR?MT8880_BOOTUP_SETUP?MT8880                   -----    -----      0033H    0003H      -----    -----
  +--> ?PR?_MALLOC?MALLOC
  +--> ?PR?MT8880_GET_STATUS?MT8880
  +--> ?PR?_MT8880_WRITE_CONTROL_DATA?MT8880
  +--> ?PR?_FREE?FREE

?PR?MT8880_GET_STATUS?MT8880                     0020H.5  0000H.1    0036H    0005H      -----    -----
  +--> ?PR?TIMER4_CMD?USER_TIMER
  +--> ?PR?DELAY1US?DELAY

?PR?TIMER4_CMD?USER_TIMER                        0020H.6  0000H.1    -----    -----      -----    -----

?PR?_MT8880_WRITE_CONTROL_DATA?MT8880            -----    -----      0036H    0004H      -----    -----
  +--> ?PR?DELAY1US?DELAY

?PR?_FREE?FREE                                   -----    -----      0036H    0004H      -----    -----

?PR?HC05_CMD?IO                                  0020H.5  0000H.1    -----    -----      -----    -----

?PR?_SEND_STRING_TO_CONSOLE?COMMAND              -----    -----      -----    -----      -----    -----
  +--> ?PR?_UART1_SENDSTRING?UART

?PR?_UART1_SENDSTRING?UART                       -----    -----      -----    -----      -----    -----
  +--> ?PR?_UART1_SENDBYTE?UART

?PR?MT8880_LISTEN?MT8880                         -----    -----      -----    -----      0818H    0003H
  +--> ?PR?_MALLOC?MALLOC
  +--> ?CO?MT8880
  +--> ?PR?_SEND_STRING_TO_CONSOLE?COMMAND
  +--> ?PR?MT8880_BOOTUP_SETUP?MT8880
  +--> ?PR?_MT8880_WRITE_CONTROL_DATA?MT8880
  +--> ?PR?_FREE?FREE
  +--> ?PR?TIMER4_CMD?USER_TIMER
  +--> ?PR?EXINT2_CMD?EXINT

?PR?EXINT2_CMD?EXINT                             0020H.5  0000H.1    -----    -----      -----    -----

?PR?GET_COMMAND?COMMAND                          -----    -----      0022H    0001H      -----    -----
  +--> ?PR?_CALLOC?CALLOC
  +--> ?CO?COMMAND
  +--> ?PR?_UART1_SENDSTRING?UART
  +--> ?PR?_FREE?FREE

?PR?_COMMAND?COMMAND                             -----    -----      0022H    0006H      0816H    0002H
  +--> ?CO?COMMAND
  +--> ?PR?_SEND_STRING_TO_CONSOLE?COMMAND
  +--> ?PR?_DELAYMS?DELAY
  +--> ?PR?_FREE?FREE
  +--> ?PR?_MT8880_SEND_SEQUENCE_BYTE?MT8880
  +--> ?PR?HC05_CMD?IO
  +--> ?PR?TIMER0_CMD?USER_TIMER
  +--> ?PR?_MT8880_SEND_STRING?MT8880
  +--> ?PR?_CALLOC?CALLOC
  +--> ?PR?_INT_TO_ASCII?COMMAND
BL51 BANKED LINKER/LOCATER V6.22                                                      02/28/2019  18:33:07  PAGE 6


  +--> ?PR?_SEND_BYTE_TO_CONSOLE?COMMAND

?PR?_MT8880_SEND_SEQUENCE_BYTE?MT8880            -----    -----      0028H    0007H      -----    -----
  +--> ?PR?MT8880_TRANSMIT_START?MT8880
  +--> ?PR?_MT8880_SEND_ONE_BYTE?MT8880
  +--> ?PR?MT8880_TRANSMIT_STOP?MT8880

?PR?MT8880_TRANSMIT_START?MT8880                 -----    -----      -----    -----      -----    -----
  +--> ?PR?MT8880_PTT_CMD?IO

?PR?MT8880_PTT_CMD?IO                            0020H.5  0000H.1    -----    -----      -----    -----

?PR?_MT8880_SEND_ONE_BYTE?MT8880                 -----    -----      002FH    0004H      -----    -----
  +--> ?PR?_MALLOC?MALLOC
  +--> ?CO?MT8880
  +--> ?PR?_SEND_STRING_TO_CONSOLE?COMMAND
  +--> ?PR?EXINT2_CMD?EXINT
  +--> ?PR?TIMER4_CMD?USER_TIMER
  +--> ?PR?MT8880_BOOTUP_SETUP?MT8880
  +--> ?PR?_MT8880_WRITE_CONTROL_DATA?MT8880
  +--> ?PR?_MT8880_WRITE_TRANSMIT_DATA?MT8880
  +--> ?PR?MT8880_GET_STATUS?MT8880
  +--> ?PR?_FREE?FREE

?PR?_MT8880_WRITE_TRANSMIT_DATA?MT8880           -----    -----      -----    -----      -----    -----
  +--> ?PR?DELAY1US?DELAY

?PR?MT8880_TRANSMIT_STOP?MT8880                  -----    -----      -----    -----      -----    -----
  +--> ?PR?MT8880_PTT_CMD?IO
  +--> ?PR?MT8880_LISTEN?MT8880

?PR?TIMER0_CMD?USER_TIMER                        0020H.5  0000H.1    -----    -----      -----    -----

?PR?_MT8880_SEND_STRING?MT8880                   -----    -----      0028H    0003H      -----    -----
  +--> ?PR?MT8880_TRANSMIT_START?MT8880
  +--> ?PR?_MT8880_SEND_ONE_BYTE?MT8880
  +--> ?PR?_DELAYMS?DELAY
  +--> ?PR?MT8880_TRANSMIT_STOP?MT8880
  +--> ?PR?HC05_CMD?IO

?PR?_SEND_BYTE_TO_CONSOLE?COMMAND                -----    -----      -----    -----      -----    -----
  +--> ?PR?_UART1_SENDBYTE?UART

?PR?SERVICE?COMMAND                              -----    -----      -----    -----      -----    -----
  +--> ?PR?MT8880_RECEIVE?MT8880
  +--> ?PR?SYSTEM_1000MS_TICK_MISSION?COMMAND

?PR?MT8880_RECEIVE?MT8880                        -----    -----      0022H    0003H      -----    -----
  +--> ?PR?MT8880_READ_RECEIVE_DATA?MT8880
  +--> ?PR?_SEND_BYTE_TO_CONSOLE?COMMAND

?PR?MT8880_READ_RECEIVE_DATA?MT8880              -----    -----      0025H    0001H      -----    -----
  +--> ?PR?TIMER4_CMD?USER_TIMER
  +--> ?PR?DELAY1US?DELAY

?PR?SYSTEM_1000MS_TICK_MISSION?COMMAND           -----    -----      -----    -----      0816H    0003H
  +--> ?PR?_CALLOC?CALLOC
BL51 BANKED LINKER/LOCATER V6.22                                                      02/28/2019  18:33:07  PAGE 7


  +--> ?CO?COMMAND
  +--> ?PR?_SEND_STRING_TO_CONSOLE?COMMAND
  +--> ?PR?_ADC_ON?ADC
  +--> ?PR?_FREE?FREE

?PR?_ADC_ON?ADC                                  -----    -----      0022H    0007H      -----    -----

*** NEW ROOT ***************************************************

?PR?MT8880_IRQ_INT2_INTERRUPT?IAP15W4...         -----    -----      003BH    0004H      -----    -----
  +--> ?PR?MT8880_GET_STATUS_IT?IAP15W4K32S4_IT

?PR?MT8880_GET_STATUS_IT?IAP15W4K32S4_IT         -----    -----      003FH    0005H      -----    -----
  +--> ?PR?DELAY1US_IT?IAP15W4K32S4_IT

*** NEW ROOT ***************************************************

?PR?INT0_INTERRUPT?IAP15W4K32S4_IT               -----    -----      -----    -----      -----    -----
  +--> ?PR?HC05_CMD_IT?IAP15W4K32S4_IT

?PR?HC05_CMD_IT?IAP15W4K32S4_IT                  0020H.7  0000H.1    -----    -----      -----    -----



SYMBOL TABLE OF MODULE:  .\Output\pro (?C_STARTUP)

  VALUE           TYPE          NAME
  ----------------------------------

  -------         MODULE        ?C_STARTUP
  C:17ADH         SEGMENT       ?C_C51STARTUP
  I:0049H         SEGMENT       ?STACK
  C:0000H         PUBLIC        ?C_STARTUP
  D:00E0H         SYMBOL        ACC
  D:00F0H         SYMBOL        B
  D:0083H         SYMBOL        DPH
  D:0082H         SYMBOL        DPL
  N:0000H         SYMBOL        IBPSTACK
  N:0100H         SYMBOL        IBPSTACKTOP
  N:0080H         SYMBOL        IDATALEN
  C:17B0H         SYMBOL        IDATALOOP
  N:0000H         SYMBOL        PBPSTACK
  N:0100H         SYMBOL        PBPSTACKTOP
  N:0000H         SYMBOL        PDATALEN
  N:0000H         SYMBOL        PDATASTART
  N:0000H         SYMBOL        PPAGE
  N:0000H         SYMBOL        PPAGEENABLE
  D:00A0H         SYMBOL        PPAGE_SFR
  D:0081H         SYMBOL        SP
  C:17ADH         SYMBOL        STARTUP1
  N:0000H         SYMBOL        XBPSTACK
  N:0000H         SYMBOL        XBPSTACKTOP
  N:0000H         SYMBOL        XDATALEN
  N:0000H         SYMBOL        XDATASTART
  C:0000H         LINE#         126
  C:17ADH         LINE#         133
  C:17AFH         LINE#         134
BL51 BANKED LINKER/LOCATER V6.22                                                      02/28/2019  18:33:07  PAGE 8


  C:17B0H         LINE#         135
  C:17B1H         LINE#         136
  C:17B3H         LINE#         185
  C:17B6H         LINE#         196
  -------         ENDMOD        ?C_STARTUP

  -------         MODULE        PRO
  C:0000H         SYMBOL        _ICE_DUMMY_
  D:0080H         PUBLIC        P0
  D:0090H         PUBLIC        P1
  D:00A0H         PUBLIC        P2
  D:00B0H         PUBLIC        P3
  D:00C0H         PUBLIC        P4
  D:00C8H         PUBLIC        P5
  D:00E8H         PUBLIC        P6
  D:00F8H         PUBLIC        P7
  D:00A8H         PUBLIC        IE
  D:00B8H         PUBLIC        IP
  D:00D8H         PUBLIC        CCON
  C:1FCFH         PUBLIC        main
  D:0098H         PUBLIC        SCON
  D:0088H         PUBLIC        TCON
  C:1A8DH         PUBLIC        system_init
  D:0015H         PUBLIC        systemstatus
  X:0000H         PUBLIC        malloc_mempool
  D:00D0H         PUBLIC        PSW
  -------         PROC          SYSTEM_INIT
  C:1A8DH         LINE#         37
  C:1A8DH         LINE#         38
  C:1A8DH         LINE#         39
  C:1A90H         LINE#         42
  C:1A9BH         LINE#         44
  C:1AB1H         LINE#         47
  C:1AB4H         LINE#         48
  C:1AB7H         LINE#         50
  C:1ABAH         LINE#         51
  C:1ABDH         LINE#         52
  C:1AC0H         LINE#         56
  C:1AC3H         LINE#         58
  C:1AC6H         LINE#         59
  C:1ACDH         LINE#         60
  C:1AD0H         LINE#         61
  C:1AD7H         LINE#         63
  C:1ADCH         LINE#         65
  C:1AE5H         LINE#         66
  -------         ENDPROC       SYSTEM_INIT
  -------         PROC          MAIN
  C:1FCFH         LINE#         71
  C:1FCFH         LINE#         72
  C:1FCFH         LINE#         73
  C:1FD2H         LINE#         74
  C:1FD5H         LINE#         76
  C:1FD5H         LINE#         77
  C:1FD5H         LINE#         78
  C:1FDBH         LINE#         79
  C:1FDEH         LINE#         80
  -------         ENDPROC       MAIN
BL51 BANKED LINKER/LOCATER V6.22                                                      02/28/2019  18:33:07  PAGE 9


  -------         ENDMOD        PRO

  -------         MODULE        IAP15W4K32S4_IT
  C:0000H         SYMBOL        _ICE_DUMMY_
  D:0080H         PUBLIC        P0
  D:0090H         PUBLIC        P1
  D:00A0H         PUBLIC        P2
  D:00B0H         PUBLIC        P3
  D:0010H         PUBLIC        mt8880_rec_raw
  D:00C0H         PUBLIC        P4
  D:00C8H         PUBLIC        P5
  C:202FH         PUBLIC        hc05_cmd_it
  D:00E8H         PUBLIC        P6
  D:00F8H         PUBLIC        P7
  D:0011H         PUBLIC        uart1_rec
  D:0012H         PUBLIC        uart3_rec
  D:00A8H         PUBLIC        IE
  D:0013H         PUBLIC        console_rec
  X:0800H         PUBLIC        short_string_counter
  C:18C0H         PUBLIC        systick_timer0_interrupt
  B:0020H.0       PUBLIC        uart1_transflag
  B:0020H.1       PUBLIC        mt8880_get_one_byte
  D:00B8H         PUBLIC        IP
  B:0020H.2       PUBLIC        uart3_transflag
  B:0098H.0       PUBLIC        RI
  B:0098H.1       PUBLIC        TI
  C:193DH         PUBLIC        mt8880_irq_int2_interrupt
  X:0802H         PUBLIC        mt8880_counter
  D:00D8H         PUBLIC        CCON
  C:1BECH         PUBLIC        mt8880_get_status_it
  C:1FF9H         PUBLIC        timer4_cmd_it
  B:0020H.3       PUBLIC        console_recflag
  D:0099H         PUBLIC        SBUF
  B:00A0H.0       PUBLIC        P20
  B:00A0H.1       PUBLIC        P21
  D:0098H         PUBLIC        SCON
  B:00A0H.2       PUBLIC        P22
  B:0080H.4       PUBLIC        P04
  D:0088H         PUBLIC        TCON
  B:00C0H.1       PUBLIC        P41
  B:0080H.6       PUBLIC        P06
  C:1DCAH         PUBLIC        mt8880_read_receive_data_it
  C:1F6AH         PUBLIC        uart1_interrupt
  C:1EC2H         PUBLIC        uart3_interrupt
  C:1D14H         PUBLIC        int0_interrupt
  C:008AH         PUBLIC        int1_interrupt
  D:0014H         PUBLIC        mt8880_rec
  X:0804H         PUBLIC        led_pwr_counter
  D:00C1H         PUBLIC        WDT_CONTR
  D:00D1H         PUBLIC        T4T3M
  X:0806H         PUBLIC        systick_very_low_tick_counter
  D:00ADH         PUBLIC        S3BUF
  D:00ACH         PUBLIC        S3CON
  C:0006H         PUBLIC        delay1us_it
  B:0020H.4       PUBLIC        mt8880_recflag
  D:008FH         PUBLIC        INT_CLKO
  D:00D0H         PUBLIC        PSW
BL51 BANKED LINKER/LOCATER V6.22                                                      02/28/2019  18:33:07  PAGE 10


  -------         PROC          UART1_INTERRUPT
  C:1F6AH         LINE#         45
  C:1F6AH         LINE#         47
  C:1F6DH         LINE#         48
  C:1F6DH         LINE#         51
  C:1F6FH         LINE#         52
  C:1F72H         LINE#         54
  C:1F74H         LINE#         55
  C:1F77H         LINE#         57
  C:1F77H         LINE#         58
  C:1F7AH         LINE#         59
  C:1F7AH         LINE#         60
  C:1F7CH         LINE#         61
  C:1F7EH         LINE#         62
  C:1F7EH         LINE#         63
  -------         ENDPROC       UART1_INTERRUPT
  -------         PROC          UART3_INTERRUPT
  C:1EC2H         LINE#         65
  C:1EC4H         LINE#         67
  C:1EC9H         LINE#         68
  C:1EC9H         LINE#         69
  C:1ECCH         LINE#         70
  C:1ECFH         LINE#         75
  C:1ECFH         LINE#         76
  C:1ED4H         LINE#         77
  C:1ED4H         LINE#         78
  C:1ED7H         LINE#         79
  C:1ED9H         LINE#         80
  C:1ED9H         LINE#         81
  -------         ENDPROC       UART3_INTERRUPT
  -------         PROC          SYSTICK_TIMER0_INTERRUPT
  C:18C0H         LINE#         83
  C:18CFH         LINE#         85
  C:18DDH         LINE#         86
  C:18EBH         LINE#         87
  C:18F9H         LINE#         88
  C:1907H         LINE#         90
  C:190AH         LINE#         92
  C:191AH         LINE#         93
  C:191AH         LINE#         94
  C:191CH         LINE#         95
  C:191EH         LINE#         97
  C:191EH         LINE#         98
  C:1920H         LINE#         99
  C:1920H         LINE#         101
  C:1929H         LINE#         102
  C:1930H         LINE#         104
  -------         ENDPROC       SYSTICK_TIMER0_INTERRUPT
  -------         PROC          MT8880_IRQ_INT2_INTERRUPT
  -------         DO            
  D:003BH         SYMBOL        mt8880_status
  -------         ENDDO         
  C:193DH         LINE#         107
  C:195AH         LINE#         111
  C:195DH         LINE#         114
  C:196DH         LINE#         116
  C:1986H         LINE#         117
BL51 BANKED LINKER/LOCATER V6.22                                                      02/28/2019  18:33:07  PAGE 11


  C:1986H         LINE#         118
  C:1988H         LINE#         120
  C:1988H         LINE#         122
  C:198DH         LINE#         123
  C:198DH         LINE#         124
  C:1995H         LINE#         125
  C:1997H         LINE#         126
  C:1997H         LINE#         128
  C:199AH         LINE#         130
  -------         ENDPROC       MT8880_IRQ_INT2_INTERRUPT
  -------         PROC          INT0_INTERRUPT
  C:1D14H         LINE#         133
  C:1D31H         LINE#         135
  C:1D36H         LINE#         136
  -------         ENDPROC       INT0_INTERRUPT
  -------         PROC          MT8880_GET_STATUS_IT
  -------         DO            
  D:003FH         SYMBOL        data_read
  D:0040H         SYMBOL        mt8880_status
  -------         ENDDO         
  C:1BECH         LINE#         138
  C:1BECH         LINE#         139
  C:1BECH         LINE#         143
  C:1BEFH         LINE#         145
  C:1BF2H         LINE#         146
  C:1BF4H         LINE#         147
  C:1BF6H         LINE#         148
  C:1BF8H         LINE#         149
  C:1BFBH         LINE#         151
  C:1BFDH         LINE#         152
  C:1BFFH         LINE#         153
  C:1C02H         LINE#         154
  C:1C05H         LINE#         155
  C:1C07H         LINE#         156
  C:1C0AH         LINE#         157
  C:1C0CH         LINE#         159
  C:1C13H         LINE#         161
  C:1C16H         LINE#         162
  C:1C19H         LINE#         163
  C:1C1EH         LINE#         164
  C:1C21H         LINE#         165
  C:1C26H         LINE#         166
  C:1C29H         LINE#         167
  C:1C2EH         LINE#         168
  C:1C31H         LINE#         170
  C:1C34H         LINE#         172
  C:1C3AH         LINE#         173
  -------         ENDPROC       MT8880_GET_STATUS_IT
  -------         PROC          INT1_INTERRUPT
  C:008AH         LINE#         175
  C:008AH         LINE#         178
  -------         ENDPROC       INT1_INTERRUPT
  -------         PROC          DELAY1US_IT
  -------         DO            
  D:0007H         SYMBOL        i
  -------         ENDDO         
  C:0006H         LINE#         181
BL51 BANKED LINKER/LOCATER V6.22                                                      02/28/2019  18:33:07  PAGE 12


  C:0006H         LINE#         182
  C:0006H         LINE#         185
  C:0008H         LINE#         186
  C:000AH         LINE#         188
  -------         ENDPROC       DELAY1US_IT
  -------         PROC          MT8880_READ_RECEIVE_DATA_IT
  -------         DO            
  D:0047H         SYMBOL        data_read
  -------         ENDDO         
  C:1DCAH         LINE#         190
  C:1DCAH         LINE#         191
  C:1DCAH         LINE#         194
  C:1DCFH         LINE#         196
  C:1DD1H         LINE#         198
  C:1DD4H         LINE#         199
  C:1DD6H         LINE#         200
  C:1DD8H         LINE#         202
  C:1DDAH         LINE#         203
  C:1DDCH         LINE#         204
  C:1DDFH         LINE#         205
  C:1DE2H         LINE#         206
  C:1DE4H         LINE#         207
  C:1DE7H         LINE#         208
  C:1DE9H         LINE#         210
  C:1DF0H         LINE#         212
  C:1DF5H         LINE#         214
  C:1DF7H         LINE#         215
  -------         ENDPROC       MT8880_READ_RECEIVE_DATA_IT
  -------         PROC          HC05_CMD_IT
  B:0020H.7       SYMBOL        state
  C:202FH         LINE#         218
  C:202FH         LINE#         219
  C:202FH         LINE#         220
  C:2032H         LINE#         221
  C:2032H         LINE#         222
  C:2034H         LINE#         223
  C:2035H         LINE#         225
  C:2035H         LINE#         226
  C:2037H         LINE#         227
  C:2037H         LINE#         228
  -------         ENDPROC       HC05_CMD_IT
  -------         PROC          TIMER4_CMD_IT
  B:0021H.0       SYMBOL        state
  C:1FF9H         LINE#         231
  C:1FF9H         LINE#         232
  C:1FF9H         LINE#         233
  C:1FFCH         LINE#         234
  C:1FFCH         LINE#         235
  C:1FFFH         LINE#         236
  C:2000H         LINE#         238
  C:2000H         LINE#         239
  C:2003H         LINE#         240
  C:2003H         LINE#         242
  -------         ENDPROC       TIMER4_CMD_IT
  -------         ENDMOD        IAP15W4K32S4_IT

  -------         MODULE        UART
BL51 BANKED LINKER/LOCATER V6.22                                                      02/28/2019  18:33:07  PAGE 13


  C:0000H         SYMBOL        _ICE_DUMMY_
  D:0080H         PUBLIC        P0
  D:0090H         PUBLIC        P1
  D:00A0H         PUBLIC        P2
  D:00B0H         PUBLIC        P3
  D:00C0H         PUBLIC        P4
  D:00C8H         PUBLIC        P5
  B:00A8H.7       PUBLIC        EA
  D:00E8H         PUBLIC        P6
  C:1F27H         PUBLIC        uart1_init
  D:00F8H         PUBLIC        P7
  C:1F0FH         PUBLIC        uart3_init
  D:00A8H         PUBLIC        IE
  B:00A8H.4       PUBLIC        ES
  C:1F3EH         PUBLIC        _uart1_sendstring
  D:00B8H         PUBLIC        IP
  C:1F54H         PUBLIC        _uart3_sendstring
  D:00D8H         PUBLIC        CCON
  D:0099H         PUBLIC        SBUF
  C:2065H         PUBLIC        _uart1_sendbyte
  D:0098H         PUBLIC        SCON
  D:0088H         PUBLIC        TCON
  C:206DH         PUBLIC        _uart3_sendbyte
  D:00AFH         PUBLIC        IE2
  D:008EH         PUBLIC        AUXR
  D:00D6H         PUBLIC        T2H
  D:00D4H         PUBLIC        T3H
  D:00D7H         PUBLIC        T2L
  D:00D5H         PUBLIC        T3L
  D:00D1H         PUBLIC        T4T3M
  D:00ADH         PUBLIC        S3BUF
  D:00ACH         PUBLIC        S3CON
  D:00D0H         PUBLIC        PSW
  -------         PROC          UART1_INIT
  C:1F27H         LINE#         21
  C:1F27H         LINE#         22
  C:1F27H         LINE#         24
  C:1F2AH         LINE#         25
  C:1F2DH         LINE#         26
  C:1F30H         LINE#         27
  C:1F33H         LINE#         28
  C:1F36H         LINE#         29
  C:1F39H         LINE#         31
  C:1F3BH         LINE#         32
  C:1F3DH         LINE#         35
  -------         ENDPROC       UART1_INIT
  -------         PROC          UART3_INIT
  C:1F0FH         LINE#         43
  C:1F0FH         LINE#         44
  C:1F0FH         LINE#         45
  C:1F12H         LINE#         46
  C:1F15H         LINE#         47
  C:1F18H         LINE#         48
  C:1F1BH         LINE#         49
  C:1F1EH         LINE#         50
  C:1F21H         LINE#         52
  C:1F23H         LINE#         53
BL51 BANKED LINKER/LOCATER V6.22                                                      02/28/2019  18:33:07  PAGE 14


  C:1F26H         LINE#         54
  -------         ENDPROC       UART3_INIT
  -------         PROC          _UART1_SENDBYTE
  D:0007H         SYMBOL        input
  C:2065H         LINE#         62
  C:2065H         LINE#         63
  C:2065H         LINE#         64
  C:2067H         LINE#         65
  C:206AH         LINE#         66
  C:206CH         LINE#         67
  -------         ENDPROC       _UART1_SENDBYTE
  -------         PROC          _UART3_SENDBYTE
  D:0007H         SYMBOL        input
  C:206DH         LINE#         75
  C:206DH         LINE#         76
  C:206DH         LINE#         77
  C:206FH         LINE#         78
  C:2072H         LINE#         79
  C:2074H         LINE#         80
  -------         ENDPROC       _UART3_SENDBYTE
  -------         PROC          _UART1_SENDSTRING
  D:0001H         SYMBOL        p
  C:1F3EH         LINE#         83
  C:1F3EH         LINE#         84
  C:1F3EH         LINE#         85
  C:1F47H         LINE#         86
  C:1F47H         LINE#         87
  C:1F4AH         LINE#         88
  C:1F51H         LINE#         89
  C:1F53H         LINE#         90
  -------         ENDPROC       _UART1_SENDSTRING
  -------         PROC          _UART3_SENDSTRING
  D:0001H         SYMBOL        p
  C:1F54H         LINE#         93
  C:1F54H         LINE#         94
  C:1F54H         LINE#         95
  C:1F5DH         LINE#         96
  C:1F5DH         LINE#         97
  C:1F60H         LINE#         98
  C:1F67H         LINE#         99
  C:1F69H         LINE#         100
  -------         ENDPROC       _UART3_SENDSTRING
  -------         ENDMOD        UART

  -------         MODULE        EEPROM
  C:0000H         SYMBOL        _ICE_DUMMY_
  D:0080H         PUBLIC        P0
  D:0090H         PUBLIC        P1
  D:00A0H         PUBLIC        P2
  D:00B0H         PUBLIC        P3
  D:00C0H         PUBLIC        P4
  D:00C8H         PUBLIC        P5
  D:00E8H         PUBLIC        P6
  D:00F8H         PUBLIC        P7
  D:00A8H         PUBLIC        IE
  D:00C5H         PUBLIC        IAP_CMD
  D:00B8H         PUBLIC        IP
BL51 BANKED LINKER/LOCATER V6.22                                                      02/28/2019  18:33:07  PAGE 15


  D:00C3H         PUBLIC        IAP_ADDRH
  D:00D8H         PUBLIC        CCON
  D:00C4H         PUBLIC        IAP_ADDRL
  D:0098H         PUBLIC        SCON
  D:0088H         PUBLIC        TCON
  C:1E7BH         PUBLIC        _eeprom_readbyte
  D:00C7H         PUBLIC        IAP_CONTR
  C:1C89H         PUBLIC        _eeprom_writebyte
  D:00C2H         PUBLIC        IAP_DATA
  D:00C6H         PUBLIC        IAP_TRIG
  D:00D0H         PUBLIC        PSW
  -------         PROC          _EEPROM_READBYTE
  D:0006H         SYMBOL        addr
  -------         DO            
  D:0006H         SYMBOL        addr_temp
  D:0007H         SYMBOL        IAP_DATA_RES
  -------         ENDDO         
  C:1E7BH         LINE#         8
  C:1E7BH         LINE#         9
  C:1E7BH         LINE#         13
  C:1E7EH         LINE#         14
  C:1E80H         LINE#         16
  C:1E80H         LINE#         17
  C:1E82H         LINE#         18
  C:1E84H         LINE#         20
  C:1E87H         LINE#         21
  C:1E8AH         LINE#         22
  C:1E8DH         LINE#         23
  C:1E90H         LINE#         26
  C:1E92H         LINE#         28
  C:1E95H         LINE#         29
  C:1E97H         LINE#         30
  C:1E99H         LINE#         31
  C:1E9BH         LINE#         32
  C:1E9DH         LINE#         33
  C:1E9FH         LINE#         35
  C:1E9FH         LINE#         36
  -------         ENDPROC       _EEPROM_READBYTE
  -------         PROC          _EEPROM_WRITEBYTE
  D:0002H         SYMBOL        addr
  D:0005H         SYMBOL        data_write
  -------         DO            
  D:0006H         SYMBOL        addr_temp
  D:0004H         SYMBOL        ret
  -------         ENDDO         
  C:1C89H         LINE#         39
  C:1C8DH         LINE#         40
  C:1C8DH         LINE#         44
  C:1C90H         LINE#         45
  C:1C92H         LINE#         47
  C:1C96H         LINE#         48
  C:1C98H         LINE#         49
  C:1C9AH         LINE#         51
  C:1C9CH         LINE#         53
  C:1C9FH         LINE#         54
  C:1CA2H         LINE#         56
  C:1CA5H         LINE#         57
BL51 BANKED LINKER/LOCATER V6.22                                                      02/28/2019  18:33:07  PAGE 16


  C:1CA8H         LINE#         58
  C:1CAEH         LINE#         59
  C:1CAEH         LINE#         60
  C:1CAEH         LINE#         61
  C:1CB1H         LINE#         62
  C:1CB3H         LINE#         63
  C:1CB5H         LINE#         64
  C:1CB8H         LINE#         65
  C:1CB8H         LINE#         67
  C:1CC3H         LINE#         68
  C:1CC3H         LINE#         69
  C:1CC3H         LINE#         70
  C:1CC6H         LINE#         71
  C:1CC8H         LINE#         72
  C:1CCAH         LINE#         73
  C:1CCDH         LINE#         74
  C:1CCDH         LINE#         76
  C:1CD0H         LINE#         77
  C:1CD2H         LINE#         78
  C:1CD4H         LINE#         80
  C:1CD4H         LINE#         81
  C:1CD5H         LINE#         82
  -------         ENDPROC       _EEPROM_WRITEBYTE
  -------         ENDMOD        EEPROM

  -------         MODULE        DELAY
  C:0000H         SYMBOL        _ICE_DUMMY_
  D:0080H         PUBLIC        P0
  D:0090H         PUBLIC        P1
  D:00A0H         PUBLIC        P2
  D:00B0H         PUBLIC        P3
  D:00C0H         PUBLIC        P4
  D:00C8H         PUBLIC        P5
  D:00E8H         PUBLIC        P6
  D:00F8H         PUBLIC        P7
  D:00A8H         PUBLIC        IE
  D:00B8H         PUBLIC        IP
  D:00D8H         PUBLIC        CCON
  C:000EH         PUBLIC        delay1us
  C:2075H         PUBLIC        delay2us
  D:0098H         PUBLIC        SCON
  D:0088H         PUBLIC        TCON
  C:1EF6H         PUBLIC        _delayms
  D:00D0H         PUBLIC        PSW
  -------         PROC          _DELAYMS
  D:0006H         SYMBOL        a
  -------         DO            
  D:0005H         SYMBOL        i
  D:0004H         SYMBOL        j
  -------         ENDDO         
  C:1EF6H         LINE#         6
  C:1EF6H         LINE#         7
  C:1EF6H         LINE#         9
  C:1EFFH         LINE#         10
  C:1EFFH         LINE#         11
  C:1F01H         LINE#         12
  C:1F03H         LINE#         14
BL51 BANKED LINKER/LOCATER V6.22                                                      02/28/2019  18:33:07  PAGE 17


  C:1F03H         LINE#         15
  C:1F05H         LINE#         16
  C:1F05H         LINE#         17
  C:1F07H         LINE#         18
  C:1F0CH         LINE#         19
  C:1F0EH         LINE#         20
  -------         ENDPROC       _DELAYMS
  -------         PROC          DELAY1US
  -------         DO            
  D:0007H         SYMBOL        i
  -------         ENDDO         
  C:000EH         LINE#         23
  C:000EH         LINE#         24
  C:000EH         LINE#         27
  C:0010H         LINE#         28
  C:0012H         LINE#         29
  -------         ENDPROC       DELAY1US
  -------         PROC          DELAY2US
  -------         DO            
  D:0007H         SYMBOL        i
  -------         ENDDO         
  C:2075H         LINE#         31
  C:2075H         LINE#         32
  C:2075H         LINE#         35
  C:2076H         LINE#         36
  C:2077H         LINE#         37
  C:2079H         LINE#         38
  C:207BH         LINE#         39
  -------         ENDPROC       DELAY2US
  -------         ENDMOD        DELAY

  -------         MODULE        IO
  C:0000H         SYMBOL        _ICE_DUMMY_
  D:0092H         PUBLIC        P1M0
  D:0093H         PUBLIC        P0M1
  D:0096H         PUBLIC        P2M0
  D:0091H         PUBLIC        P1M1
  D:0080H         PUBLIC        P0
  D:00B2H         PUBLIC        P3M0
  D:0095H         PUBLIC        P2M1
  D:0090H         PUBLIC        P1
  D:00B4H         PUBLIC        P4M0
  D:00B1H         PUBLIC        P3M1
  D:00A0H         PUBLIC        P2
  D:00B3H         PUBLIC        P4M1
  D:00B0H         PUBLIC        P3
  D:00C0H         PUBLIC        P4
  D:00C8H         PUBLIC        P5
  D:00E8H         PUBLIC        P6
  D:00F8H         PUBLIC        P7
  C:0016H         PUBLIC        mt8880_ptt_cmd
  D:00A8H         PUBLIC        IE
  D:00B8H         PUBLIC        IP
  D:00D8H         PUBLIC        CCON
  B:0080H.3       PUBLIC        P03
  D:0098H         PUBLIC        SCON
  B:0080H.4       PUBLIC        P04
BL51 BANKED LINKER/LOCATER V6.22                                                      02/28/2019  18:33:07  PAGE 18


  D:0088H         PUBLIC        TCON
  B:00C0H.2       PUBLIC        P42
  C:2038H         PUBLIC        hc05_cmd
  C:1EDCH         PUBLIC        io_init
  D:00D0H         PUBLIC        PSW
  D:0094H         PUBLIC        P0M0
  -------         PROC          IO_INIT
  C:1EDCH         LINE#         6
  C:1EDCH         LINE#         7
  C:1EDCH         LINE#         8
  C:1EDFH         LINE#         9
  C:1EE1H         LINE#         11
  C:1EE4H         LINE#         12
  C:1EE7H         LINE#         14
  C:1EE9H         LINE#         15
  C:1EEBH         LINE#         17
  C:1EEDH         LINE#         18
  C:1EEFH         LINE#         20
  C:1EF2H         LINE#         21
  C:1EF5H         LINE#         22
  -------         ENDPROC       IO_INIT
  -------         PROC          MT8880_PTT_CMD
  B:0020H.5       SYMBOL        state
  C:0016H         LINE#         25
  C:0016H         LINE#         26
  C:0016H         LINE#         27
  C:0019H         LINE#         28
  C:0019H         LINE#         29
  C:001BH         LINE#         30
  C:001DH         LINE#         31
  C:001EH         LINE#         33
  C:001EH         LINE#         34
  C:0020H         LINE#         35
  C:0022H         LINE#         36
  C:0022H         LINE#         37
  -------         ENDPROC       MT8880_PTT_CMD
  -------         PROC          HC05_CMD
  B:0020H.5       SYMBOL        state
  C:2038H         LINE#         40
  C:2038H         LINE#         41
  C:2038H         LINE#         42
  C:203BH         LINE#         43
  C:203BH         LINE#         44
  C:203DH         LINE#         45
  C:203EH         LINE#         47
  C:203EH         LINE#         48
  C:2040H         LINE#         49
  C:2040H         LINE#         50
  -------         ENDPROC       HC05_CMD
  -------         ENDMOD        IO

  -------         MODULE        ADC
  C:0000H         SYMBOL        _ICE_DUMMY_
  D:0080H         PUBLIC        P0
  D:0090H         PUBLIC        P1
  D:00A0H         PUBLIC        P2
  D:00B0H         PUBLIC        P3
BL51 BANKED LINKER/LOCATER V6.22                                                      02/28/2019  18:33:07  PAGE 19


  D:00C0H         PUBLIC        P4
  D:00C8H         PUBLIC        P5
  D:00E8H         PUBLIC        P6
  D:00F8H         PUBLIC        P7
  D:00A8H         PUBLIC        IE
  D:00BDH         PUBLIC        ADC_RES
  D:00B8H         PUBLIC        IP
  D:0097H         PUBLIC        CLK_DIV
  D:00D8H         PUBLIC        CCON
  D:00BCH         PUBLIC        ADC_CONTR
  D:0098H         PUBLIC        SCON
  D:0088H         PUBLIC        TCON
  D:009DH         PUBLIC        P1ASF
  D:00BEH         PUBLIC        ADC_RESL
  C:0B61H         PUBLIC        _adc_on
  D:00D0H         PUBLIC        PSW
  -------         PROC          _ADC_ON
  D:0022H         SYMBOL        adc_cmd
  -------         DO            
  D:0025H         SYMBOL        temp
  -------         ENDDO         
  C:0B61H         LINE#         5
  C:0B67H         LINE#         6
  C:0B67H         LINE#         7
  C:0B70H         LINE#         9
  C:0B73H         LINE#         10
  C:0B8AH         LINE#         11
  C:0B8AH         LINE#         12
  C:0B8AH         LINE#         13
  C:0B8AH         LINE#         14
  C:0B8CH         LINE#         15
  C:0B8CH         LINE#         16
  C:0B8FH         LINE#         17
  C:0B91H         LINE#         18
  C:0B91H         LINE#         19
  C:0B94H         LINE#         20
  C:0B96H         LINE#         21
  C:0B96H         LINE#         22
  C:0B99H         LINE#         23
  C:0B99H         LINE#         24
  C:0B99H         LINE#         26
  C:0BC3H         LINE#         27
  C:0BC3H         LINE#         28
  C:0BC3H         LINE#         29
  C:0BC6H         LINE#         30
  C:0BC6H         LINE#         31
  C:0BC8H         LINE#         32
  C:0BC8H         LINE#         33
  C:0BCBH         LINE#         34
  C:0BCEH         LINE#         35
  C:0BD0H         LINE#         36
  C:0BD0H         LINE#         37
  C:0BD3H         LINE#         38
  C:0BD6H         LINE#         39
  C:0BD8H         LINE#         40
  C:0BD8H         LINE#         41
  C:0BDBH         LINE#         42
BL51 BANKED LINKER/LOCATER V6.22                                                      02/28/2019  18:33:07  PAGE 20


  C:0BDEH         LINE#         43
  C:0BE0H         LINE#         44
  C:0BE0H         LINE#         45
  C:0BE3H         LINE#         46
  C:0BE6H         LINE#         47
  C:0BE8H         LINE#         48
  C:0BE8H         LINE#         49
  C:0BEBH         LINE#         50
  C:0BEEH         LINE#         51
  C:0BF0H         LINE#         52
  C:0BF0H         LINE#         53
  C:0BF3H         LINE#         54
  C:0BF6H         LINE#         55
  C:0BF8H         LINE#         56
  C:0BF8H         LINE#         57
  C:0BFBH         LINE#         58
  C:0BFEH         LINE#         59
  C:0BFEH         LINE#         60
  C:0BFEH         LINE#         62
  C:0C01H         LINE#         64
  C:0C04H         LINE#         65
  C:0C09H         LINE#         67
  C:0C0CH         LINE#         68
  C:0C0EH         LINE#         70
  C:0C1CH         LINE#         71
  C:0C1CH         LINE#         73
  C:0C27H         LINE#         74
  C:0C3AH         LINE#         75
  C:0C54H         LINE#         77
  C:0C76H         LINE#         78
  C:0C76H         LINE#         79
  C:0C76H         LINE#         80
  C:0C76H         LINE#         82
  C:0C79H         LINE#         83
  C:0C79H         LINE#         85
  C:0C88H         LINE#         86
  C:0C88H         LINE#         87
  C:0CA8H         LINE#         88
  C:0CA8H         LINE#         90
  C:0CB8H         LINE#         91
  C:0CB8H         LINE#         92
  C:0CC2H         LINE#         93
  C:0CD5H         LINE#         95
  C:0CEFH         LINE#         96
  C:0D11H         LINE#         97
  C:0D11H         LINE#         99
  C:0D14H         LINE#         100
  C:0D16H         LINE#         101
  C:0D18H         LINE#         103
  C:0D1CH         LINE#         104
  -------         ENDPROC       _ADC_ON
  -------         ENDMOD        ADC

  -------         MODULE        MT8880
  C:0000H         SYMBOL        _ICE_DUMMY_
  D:0080H         PUBLIC        P0
  C:1DF8H         PUBLIC        mt8880_read_receive_data
BL51 BANKED LINKER/LOCATER V6.22                                                      02/28/2019  18:33:07  PAGE 21


  D:0090H         PUBLIC        P1
  D:00A0H         PUBLIC        P2
  D:00B0H         PUBLIC        P3
  D:00C0H         PUBLIC        P4
  C:1A23H         PUBLIC        mt8880_receive
  C:10FFH         PUBLIC        _mt8880_send_one_byte
  D:00C8H         PUBLIC        P5
  D:00E8H         PUBLIC        P6
  D:00F8H         PUBLIC        P7
  D:00A8H         PUBLIC        IE
  D:00B8H         PUBLIC        IP
  C:1D51H         PUBLIC        _mt8880_send_sequence_byte
  C:1EA0H         PUBLIC        _mt8880_write_transmit_data
  D:00D8H         PUBLIC        CCON
  C:1E51H         PUBLIC        mt8880_transmit_start
  C:131BH         PUBLIC        _mt8880_write_control_data
  C:1532H         PUBLIC        mt8880_listen
  B:00A0H.0       PUBLIC        P20
  B:00A0H.1       PUBLIC        P21
  D:0098H         PUBLIC        SCON
  B:00A0H.2       PUBLIC        P22
  D:0088H         PUBLIC        TCON
  B:0080H.6       PUBLIC        P06
  B:00C0H.4       PUBLIC        P44
  C:1E26H         PUBLIC        mt8880_transmit_stop
  C:0056H         PUBLIC        _mt8880_send_string
  C:0EAEH         PUBLIC        _get_mode
  C:1488H         PUBLIC        mt8880_bootup_setup
  C:15D9H         PUBLIC        _decode_table
  C:1839H         PUBLIC        _encode_table
  C:1B46H         PUBLIC        mt8880_get_status
  D:00D0H         PUBLIC        PSW
  -------         PROC          _MT8880_WRITE_TRANSMIT_DATA
  D:0007H         SYMBOL        data_input
  C:1EA0H         LINE#         24
  C:1EA0H         LINE#         25
  C:1EA0H         LINE#         26
  C:1EA2H         LINE#         28
  C:1EA7H         LINE#         29
  C:1EAAH         LINE#         30
  C:1EACH         LINE#         31
  C:1EAEH         LINE#         34
  C:1EB0H         LINE#         35
  C:1EB3H         LINE#         36
  C:1EB5H         LINE#         37
  C:1EB7H         LINE#         38
  C:1EBAH         LINE#         39
  C:1EBCH         LINE#         40
  C:1EBFH         LINE#         41
  C:1EC1H         LINE#         42
  -------         ENDPROC       _MT8880_WRITE_TRANSMIT_DATA
  -------         PROC          MT8880_GET_STATUS
  B:0020H.5       SYMBOL        clk_enable
  -------         DO            
  D:0036H         SYMBOL        data_read
  D:0037H         SYMBOL        mt8880_status
  -------         ENDDO         
BL51 BANKED LINKER/LOCATER V6.22                                                      02/28/2019  18:33:07  PAGE 22


  C:1B46H         LINE#         44
  C:1B46H         LINE#         45
  C:1B46H         LINE#         49
  C:1B4BH         LINE#         51
  C:1B4DH         LINE#         53
  C:1B50H         LINE#         54
  C:1B52H         LINE#         55
  C:1B54H         LINE#         58
  C:1B56H         LINE#         59
  C:1B58H         LINE#         60
  C:1B5BH         LINE#         61
  C:1B5EH         LINE#         62
  C:1B60H         LINE#         63
  C:1B63H         LINE#         64
  C:1B65H         LINE#         66
  C:1B6CH         LINE#         68
  C:1B6FH         LINE#         69
  C:1B72H         LINE#         70
  C:1B77H         LINE#         71
  C:1B7AH         LINE#         72
  C:1B7FH         LINE#         73
  C:1B82H         LINE#         74
  C:1B87H         LINE#         75
  C:1B8AH         LINE#         77
  C:1B8DH         LINE#         78
  C:1B92H         LINE#         80
  C:1B98H         LINE#         81
  -------         ENDPROC       MT8880_GET_STATUS
  -------         PROC          MT8880_READ_RECEIVE_DATA
  -------         DO            
  D:0025H         SYMBOL        data_read
  -------         ENDDO         
  C:1DF8H         LINE#         83
  C:1DF8H         LINE#         84
  C:1DF8H         LINE#         87
  C:1DFDH         LINE#         89
  C:1DFFH         LINE#         91
  C:1E02H         LINE#         92
  C:1E04H         LINE#         93
  C:1E06H         LINE#         95
  C:1E08H         LINE#         96
  C:1E0AH         LINE#         97
  C:1E0DH         LINE#         98
  C:1E10H         LINE#         99
  C:1E12H         LINE#         100
  C:1E15H         LINE#         101
  C:1E17H         LINE#         103
  C:1E1EH         LINE#         105
  C:1E23H         LINE#         107
  C:1E25H         LINE#         108
  -------         ENDPROC       MT8880_READ_RECEIVE_DATA
  C:130CH         SYMBOL        L?0127
  C:1312H         SYMBOL        L?0128
  C:1315H         SYMBOL        L?0129
  -------         PROC          L?0126
  -------         ENDPROC       L?0126
  C:130CH         SYMBOL        L?0127
BL51 BANKED LINKER/LOCATER V6.22                                                      02/28/2019  18:33:07  PAGE 23


  C:1312H         SYMBOL        L?0128
  C:1315H         SYMBOL        L?0129
  -------         PROC          _MT8880_WRITE_CONTROL_DATA
  D:0036H         SYMBOL        mt8880_control
  -------         DO            
  D:0007H         SYMBOL        data_write_cra
  D:0039H         SYMBOL        data_write_crb
  -------         ENDDO         
  C:131BH         LINE#         110
  C:1321H         LINE#         111
  C:1321H         LINE#         112
  C:1323H         LINE#         113
  C:1325H         LINE#         115
  C:132AH         LINE#         116
  C:132BH         LINE#         117
  C:1339H         LINE#         118
  C:133CH         LINE#         119
  C:1344H         LINE#         120
  C:1347H         LINE#         121
  C:134FH         LINE#         122
  C:1352H         LINE#         124
  C:135AH         LINE#         125
  C:135DH         LINE#         126
  C:1365H         LINE#         127
  C:1368H         LINE#         128
  C:1370H         LINE#         129
  C:1373H         LINE#         130
  C:137BH         LINE#         131
  C:137EH         LINE#         133
  C:1383H         LINE#         134
  C:138AH         LINE#         136
  C:138CH         LINE#         139
  C:138FH         LINE#         140
  C:1391H         LINE#         141
  C:1393H         LINE#         143
  C:1396H         LINE#         144
  C:1398H         LINE#         145
  C:139AH         LINE#         146
  C:139DH         LINE#         147
  C:139FH         LINE#         148
  C:13A2H         LINE#         149
  C:13A4H         LINE#         151
  C:13B2H         LINE#         152
  C:13B2H         LINE#         154
  C:13B2H         LINE#         156
  C:13B5H         LINE#         157
  C:13B7H         LINE#         158
  C:13B9H         LINE#         160
  C:13BDH         LINE#         161
  C:13BFH         LINE#         162
  C:13C1H         LINE#         163
  C:13C4H         LINE#         164
  C:13C6H         LINE#         165
  C:13C9H         LINE#         166
  C:13CBH         LINE#         168
  -------         ENDPROC       _MT8880_WRITE_CONTROL_DATA
  -------         PROC          MT8880_BOOTUP_SETUP
BL51 BANKED LINKER/LOCATER V6.22                                                      02/28/2019  18:33:07  PAGE 24


  -------         DO            
  D:0033H         SYMBOL        mt8880_control
  -------         ENDDO         
  C:1488H         LINE#         171
  C:1488H         LINE#         172
  C:1488H         LINE#         173
  C:1491H         LINE#         174
  C:14A3H         LINE#         175
  C:14AEH         LINE#         177
  C:14B8H         LINE#         178
  C:14C4H         LINE#         179
  C:14CBH         LINE#         180
  C:14D2H         LINE#         181
  C:14D9H         LINE#         182
  C:14E0H         LINE#         183
  C:14E7H         LINE#         184
  C:14EEH         LINE#         187
  C:14F3H         LINE#         188
  C:14FCH         LINE#         189
  C:1505H         LINE#         190
  C:1513H         LINE#         191
  C:1516H         LINE#         192
  C:1523H         LINE#         193
  C:1526H         LINE#         194
  C:152BH         LINE#         196
  -------         ENDPROC       MT8880_BOOTUP_SETUP
  -------         PROC          _MT8880_SEND_ONE_BYTE
  D:002FH         SYMBOL        data_input
  -------         DO            
  D:0030H         SYMBOL        mt8880_control
  -------         ENDDO         
  C:10FFH         LINE#         204
  C:1101H         LINE#         205
  C:1101H         LINE#         208
  C:1113H         LINE#         210
  C:1119H         LINE#         211
  C:1119H         LINE#         212
  C:1122H         LINE#         213
  C:1124H         LINE#         214
  C:1124H         LINE#         217
  C:112EH         LINE#         218
  C:113AH         LINE#         219
  C:1141H         LINE#         220
  C:1149H         LINE#         221
  C:1151H         LINE#         222
  C:1158H         LINE#         223
  C:115FH         LINE#         224
  C:1166H         LINE#         226
  C:116BH         LINE#         227
  C:1170H         LINE#         228
  C:1172H         LINE#         230
  C:1175H         LINE#         231
  C:1178H         LINE#         233
  C:117DH         LINE#         235
  C:117DH         LINE#         236
  C:1180H         LINE#         239
  C:1187H         LINE#         240
BL51 BANKED LINKER/LOCATER V6.22                                                      02/28/2019  18:33:07  PAGE 25


  C:1196H         LINE#         242
  C:1197H         LINE#         243
  C:119AH         LINE#         245
  C:11A1H         LINE#         246
  C:11B0H         LINE#         247
  C:11B5H         LINE#         250
  C:11BCH         LINE#         252
  C:11BCH         LINE#         253
  C:11BFH         LINE#         254
  C:11C4H         LINE#         256
  C:11CBH         LINE#         257
  C:11DAH         LINE#         259
  C:11E1H         LINE#         260
  C:11E4H         LINE#         262
  C:11EBH         LINE#         263
  C:11FAH         LINE#         265
  C:11FFH         LINE#         267
  -------         ENDPROC       _MT8880_SEND_ONE_BYTE
  -------         PROC          MT8880_LISTEN
  -------         DO            
  X:0818H         SYMBOL        mt8880_control
  -------         ENDDO         
  C:1532H         LINE#         271
  C:1532H         LINE#         272
  C:1532H         LINE#         275
  C:1549H         LINE#         277
  C:1557H         LINE#         278
  C:1557H         LINE#         279
  C:1560H         LINE#         280
  C:1562H         LINE#         281
  C:1562H         LINE#         283
  C:1571H         LINE#         284
  C:1583H         LINE#         285
  C:158BH         LINE#         286
  C:1593H         LINE#         287
  C:159BH         LINE#         288
  C:15A2H         LINE#         289
  C:15A9H         LINE#         290
  C:15B0H         LINE#         291
  C:15B3H         LINE#         292
  C:15C1H         LINE#         294
  C:15CFH         LINE#         295
  C:15D4H         LINE#         296
  -------         ENDPROC       MT8880_LISTEN
  -------         PROC          MT8880_RECEIVE
  -------         DO            
  D:0022H         SYMBOL        rec
  D:0023H         SYMBOL        temp
  D:0024H         SYMBOL        i
  -------         ENDDO         
  C:1A23H         LINE#         299
  C:1A23H         LINE#         300
  C:1A23H         LINE#         301
  C:1A26H         LINE#         302
  C:1A29H         LINE#         303
  C:1A2BH         LINE#         305
  C:1A2EH         LINE#         306
BL51 BANKED LINKER/LOCATER V6.22                                                      02/28/2019  18:33:07  PAGE 26


  C:1A2EH         LINE#         307
  C:1A34H         LINE#         309
  C:1A36H         LINE#         311
  C:1A45H         LINE#         312
  C:1A4AH         LINE#         314
  C:1A59H         LINE#         315
  C:1A5EH         LINE#         317
  C:1A6DH         LINE#         319
  C:1A74H         LINE#         321
  C:1A76H         LINE#         323
  C:1A7BH         LINE#         325
  C:1A7DH         LINE#         326
  C:1A7FH         LINE#         327
  C:1A8CH         LINE#         328
  C:1A8CH         LINE#         329
  -------         ENDPROC       MT8880_RECEIVE
  -------         PROC          MT8880_TRANSMIT_START
  C:1E51H         LINE#         331
  C:1E51H         LINE#         332
  C:1E51H         LINE#         333
  C:1E5FH         LINE#         334
  C:1E66H         LINE#         335
  C:1E6BH         LINE#         336
  C:1E7AH         LINE#         337
  -------         ENDPROC       MT8880_TRANSMIT_START
  -------         PROC          MT8880_TRANSMIT_STOP
  C:1E26H         LINE#         339
  C:1E26H         LINE#         340
  C:1E26H         LINE#         341
  C:1E2DH         LINE#         342
  C:1E3CH         LINE#         343
  C:1E41H         LINE#         344
  C:1E44H         LINE#         345
  -------         ENDPROC       MT8880_TRANSMIT_STOP
  -------         PROC          _MT8880_SEND_STRING
  D:0028H         SYMBOL        string
  C:0056H         LINE#         350
  C:005CH         LINE#         351
  C:005CH         LINE#         353
  C:005FH         LINE#         355
  C:006BH         LINE#         356
  C:006BH         LINE#         357
  C:006EH         LINE#         358
  C:0079H         LINE#         359
  C:0080H         LINE#         360
  C:0082H         LINE#         362
  C:0085H         LINE#         363
  -------         ENDPROC       _MT8880_SEND_STRING
  -------         PROC          _MT8880_SEND_SEQUENCE_BYTE
  D:0028H         SYMBOL        input
  D:002BH         SYMBOL        lenth
  -------         DO            
  D:002DH         SYMBOL        i
  -------         ENDDO         
  C:1D51H         LINE#         366
  C:1D5BH         LINE#         367
  C:1D5BH         LINE#         370
BL51 BANKED LINKER/LOCATER V6.22                                                      02/28/2019  18:33:07  PAGE 27


  C:1D5EH         LINE#         371
  C:1D6EH         LINE#         372
  C:1D6EH         LINE#         373
  C:1D81H         LINE#         374
  C:1D8BH         LINE#         375
  -------         ENDPROC       _MT8880_SEND_SEQUENCE_BYTE
  -------         PROC          _GET_MODE
  D:0018H         SYMBOL        input
  -------         DO            
  X:0810H         SYMBOL        number
  X:0811H         SYMBOL        row
  X:0812H         SYMBOL        more1
  X:0813H         SYMBOL        same_count
  -------         ENDDO         
  C:0EAEH         LINE#         378
  C:0EB4H         LINE#         379
  C:0EB4H         LINE#         383
  C:0EBDH         LINE#         385
  C:0ED6H         LINE#         387
  C:0EDBH         LINE#         388
  C:0EDBH         LINE#         389
  C:0EEAH         LINE#         390
  C:0EEAH         LINE#         391
  C:0F09H         LINE#         392
  C:0F09H         LINE#         393
  C:0F1EH         LINE#         394
  C:0F1EH         LINE#         395
  C:0F26H         LINE#         396
  C:0F30H         LINE#         398
  C:0F49H         LINE#         399
  C:0F49H         LINE#         400
  C:0F4EH         LINE#         401
  C:0F50H         LINE#         403
  C:0F50H         LINE#         404
  C:0F56H         LINE#         405
  C:0F56H         LINE#         407
  C:0F7AH         LINE#         408
  C:0F7AH         LINE#         410
  C:0F7AH         LINE#         412
  C:0F7AH         LINE#         413
  C:0F80H         LINE#         414
  C:0F80H         LINE#         416
  C:0FA4H         LINE#         417
  C:0FA4H         LINE#         419
  C:0FA4H         LINE#         421
  C:0FA4H         LINE#         422
  C:0FAAH         LINE#         423
  C:0FAAH         LINE#         425
  C:0FCEH         LINE#         426
  C:0FCEH         LINE#         428
  C:0FCEH         LINE#         430
  C:0FCEH         LINE#         431
  C:0FD4H         LINE#         432
  C:0FD4H         LINE#         434
  C:0FE7H         LINE#         435
  -------         ENDPROC       _GET_MODE
  -------         PROC          _DECODE_TABLE
BL51 BANKED LINKER/LOCATER V6.22                                                      02/28/2019  18:33:07  PAGE 28


  D:0007H         SYMBOL        input
  C:15D9H         LINE#         437
  C:15D9H         LINE#         438
  C:15D9H         LINE#         439
  C:163DH         LINE#         440
  C:163DH         LINE#         441
  C:163DH         LINE#         442
  C:1640H         LINE#         443
  C:1640H         LINE#         444
  C:1643H         LINE#         445
  C:1643H         LINE#         446
  C:1646H         LINE#         447
  C:1646H         LINE#         448
  C:1649H         LINE#         449
  C:1649H         LINE#         450
  C:164CH         LINE#         451
  C:164CH         LINE#         452
  C:164FH         LINE#         453
  C:164FH         LINE#         454
  C:1652H         LINE#         455
  C:1652H         LINE#         456
  C:1655H         LINE#         457
  C:1655H         LINE#         458
  C:1658H         LINE#         459
  C:1658H         LINE#         460
  C:165BH         LINE#         461
  C:165BH         LINE#         462
  C:165EH         LINE#         463
  C:165EH         LINE#         464
  C:1661H         LINE#         466
  C:1661H         LINE#         467
  C:1664H         LINE#         468
  C:1664H         LINE#         469
  C:1667H         LINE#         470
  C:1667H         LINE#         471
  C:166AH         LINE#         472
  C:166AH         LINE#         473
  C:166DH         LINE#         474
  C:166DH         LINE#         475
  C:1670H         LINE#         476
  C:1670H         LINE#         477
  C:1673H         LINE#         478
  C:1673H         LINE#         479
  C:1676H         LINE#         480
  C:1676H         LINE#         481
  C:1679H         LINE#         482
  C:1679H         LINE#         483
  C:167CH         LINE#         485
  C:167CH         LINE#         486
  C:167CH         LINE#         487
  C:167CH         LINE#         488
  -------         ENDPROC       _DECODE_TABLE
  -------         PROC          _ENCODE_TABLE
  D:0007H         SYMBOL        input
  C:1839H         LINE#         490
  C:1839H         LINE#         491
  C:1839H         LINE#         492
BL51 BANKED LINKER/LOCATER V6.22                                                      02/28/2019  18:33:07  PAGE 29


  C:1880H         LINE#         493
  C:1880H         LINE#         494
  C:1880H         LINE#         495
  C:1883H         LINE#         496
  C:1883H         LINE#         497
  C:1886H         LINE#         498
  C:1886H         LINE#         499
  C:1889H         LINE#         500
  C:1889H         LINE#         501
  C:188CH         LINE#         502
  C:188CH         LINE#         503
  C:188FH         LINE#         504
  C:188FH         LINE#         505
  C:1892H         LINE#         506
  C:1892H         LINE#         507
  C:1895H         LINE#         508
  C:1895H         LINE#         509
  C:1898H         LINE#         510
  C:1898H         LINE#         511
  C:189BH         LINE#         512
  C:189BH         LINE#         513
  C:189EH         LINE#         514
  C:189EH         LINE#         515
  C:18A1H         LINE#         516
  C:18A1H         LINE#         517
  C:18A4H         LINE#         519
  C:18A4H         LINE#         520
  C:18A7H         LINE#         521
  C:18A7H         LINE#         522
  C:18AAH         LINE#         523
  C:18AAH         LINE#         524
  C:18ADH         LINE#         525
  C:18ADH         LINE#         526
  C:18B0H         LINE#         527
  C:18B0H         LINE#         528
  C:18B3H         LINE#         529
  C:18B3H         LINE#         530
  C:18B6H         LINE#         531
  C:18B6H         LINE#         532
  C:18B9H         LINE#         533
  C:18B9H         LINE#         534
  C:18BCH         LINE#         535
  C:18BCH         LINE#         536
  C:18BFH         LINE#         538
  C:18BFH         LINE#         539
  C:18BFH         LINE#         540
  C:18BFH         LINE#         541
  -------         ENDPROC       _ENCODE_TABLE
  -------         ENDMOD        MT8880

  -------         MODULE        USER_TIMER
  C:0000H         SYMBOL        _ICE_DUMMY_
  D:0080H         PUBLIC        P0
  D:0090H         PUBLIC        P1
  D:00A0H         PUBLIC        P2
  D:00B0H         PUBLIC        P3
  D:00C0H         PUBLIC        P4
BL51 BANKED LINKER/LOCATER V6.22                                                      02/28/2019  18:33:07  PAGE 30


  D:00C8H         PUBLIC        P5
  B:00A8H.7       PUBLIC        EA
  D:00E8H         PUBLIC        P6
  D:00F8H         PUBLIC        P7
  D:00A8H         PUBLIC        IE
  D:00B8H         PUBLIC        IP
  D:00D8H         PUBLIC        CCON
  D:0098H         PUBLIC        SCON
  D:0089H         PUBLIC        TMOD
  D:0088H         PUBLIC        TCON
  D:00AFH         PUBLIC        IE2
  D:008EH         PUBLIC        AUXR
  B:00A8H.1       PUBLIC        ET0
  B:0088H.5       PUBLIC        TF0
  B:00A8H.3       PUBLIC        ET1
  B:0088H.7       PUBLIC        TF1
  D:008CH         PUBLIC        TH0
  D:008DH         PUBLIC        TH1
  D:00D4H         PUBLIC        T3H
  D:00D2H         PUBLIC        T4H
  D:008AH         PUBLIC        TL0
  D:008BH         PUBLIC        TL1
  D:00D5H         PUBLIC        T3L
  D:00D3H         PUBLIC        T4L
  B:0088H.4       PUBLIC        TR0
  B:0088H.6       PUBLIC        TR1
  D:00D1H         PUBLIC        T4T3M
  C:1FE0H         PUBLIC        timer0_cmd
  C:1FEDH         PUBLIC        timer1_cmd
  C:1F7FH         PUBLIC        timer0_init
  C:1F94H         PUBLIC        timer1_init
  C:2004H         PUBLIC        timer3_cmd
  C:200FH         PUBLIC        timer4_cmd
  C:1FA9H         PUBLIC        timer3_init
  C:1FBCH         PUBLIC        timer4_init
  D:00D0H         PUBLIC        PSW
  -------         PROC          TIMER0_INIT
  C:1F7FH         LINE#         6
  C:1F7FH         LINE#         7
  C:1F7FH         LINE#         8
  C:1F82H         LINE#         9
  C:1F85H         LINE#         10
  C:1F88H         LINE#         11
  C:1F8BH         LINE#         12
  C:1F8DH         LINE#         14
  C:1F8FH         LINE#         15
  C:1F91H         LINE#         16
  C:1F93H         LINE#         17
  -------         ENDPROC       TIMER0_INIT
  -------         PROC          TIMER0_CMD
  B:0020H.5       SYMBOL        state
  C:1FE0H         LINE#         19
  C:1FE0H         LINE#         20
  C:1FE0H         LINE#         21
  C:1FE3H         LINE#         22
  C:1FE3H         LINE#         23
  C:1FE5H         LINE#         24
BL51 BANKED LINKER/LOCATER V6.22                                                      02/28/2019  18:33:07  PAGE 31


  C:1FE7H         LINE#         25
  C:1FE8H         LINE#         27
  C:1FE8H         LINE#         28
  C:1FEAH         LINE#         29
  C:1FECH         LINE#         30
  C:1FECH         LINE#         31
  -------         ENDPROC       TIMER0_CMD
  -------         PROC          TIMER3_INIT
  C:1FA9H         LINE#         34
  C:1FA9H         LINE#         35
  C:1FA9H         LINE#         36
  C:1FACH         LINE#         37
  C:1FAFH         LINE#         38
  C:1FB2H         LINE#         39
  C:1FB5H         LINE#         40
  C:1FB8H         LINE#         42
  C:1FBBH         LINE#         43
  -------         ENDPROC       TIMER3_INIT
  -------         PROC          TIMER3_CMD
  B:0021H.1       SYMBOL        state
  C:2004H         LINE#         45
  C:2004H         LINE#         46
  C:2004H         LINE#         47
  C:2007H         LINE#         48
  C:2007H         LINE#         49
  C:200AH         LINE#         50
  C:200BH         LINE#         52
  C:200BH         LINE#         53
  C:200EH         LINE#         54
  C:200EH         LINE#         55
  -------         ENDPROC       TIMER3_CMD
  -------         PROC          TIMER4_INIT
  C:1FBCH         LINE#         57
  C:1FBCH         LINE#         58
  C:1FBCH         LINE#         59
  C:1FBFH         LINE#         60
  C:1FC2H         LINE#         61
  C:1FC5H         LINE#         62
  C:1FC8H         LINE#         63
  C:1FCBH         LINE#         65
  C:1FCEH         LINE#         66
  -------         ENDPROC       TIMER4_INIT
  -------         PROC          TIMER4_CMD
  B:0020H.6       SYMBOL        state
  C:200FH         LINE#         68
  C:200FH         LINE#         69
  C:200FH         LINE#         70
  C:2012H         LINE#         71
  C:2012H         LINE#         72
  C:2015H         LINE#         73
  C:2016H         LINE#         75
  C:2016H         LINE#         76
  C:2019H         LINE#         77
  C:2019H         LINE#         79
  -------         ENDPROC       TIMER4_CMD
  -------         PROC          TIMER1_INIT
  C:1F94H         LINE#         81
BL51 BANKED LINKER/LOCATER V6.22                                                      02/28/2019  18:33:07  PAGE 32


  C:1F94H         LINE#         82
  C:1F94H         LINE#         83
  C:1F97H         LINE#         84
  C:1F9AH         LINE#         85
  C:1F9DH         LINE#         86
  C:1FA0H         LINE#         87
  C:1FA2H         LINE#         88
  C:1FA4H         LINE#         90
  C:1FA6H         LINE#         91
  C:1FA8H         LINE#         92
  -------         ENDPROC       TIMER1_INIT
  -------         PROC          TIMER1_CMD
  B:0021H.2       SYMBOL        state
  C:1FEDH         LINE#         94
  C:1FEDH         LINE#         95
  C:1FEDH         LINE#         96
  C:1FF0H         LINE#         97
  C:1FF0H         LINE#         98
  C:1FF2H         LINE#         99
  C:1FF4H         LINE#         100
  C:1FF5H         LINE#         102
  C:1FF5H         LINE#         103
  C:1FF8H         LINE#         104
  C:1FF8H         LINE#         105
  -------         ENDPROC       TIMER1_CMD
  -------         ENDMOD        USER_TIMER

  -------         MODULE        COMMAND
  C:0000H         SYMBOL        _ICE_DUMMY_
  D:0080H         PUBLIC        P0
  D:0090H         PUBLIC        P1
  D:00A0H         PUBLIC        P2
  D:00B0H         PUBLIC        P3
  D:00C0H         PUBLIC        P4
  D:00C8H         PUBLIC        P5
  C:1719H         PUBLIC        get_command
  D:00E8H         PUBLIC        P6
  D:00F8H         PUBLIC        P7
  D:00A8H         PUBLIC        IE
  D:00B8H         PUBLIC        IP
  C:0FE8H         PUBLIC        system_1000ms_tick_mission
  D:00D8H         PUBLIC        CCON
  D:0087H         PUBLIC        PCON
  D:0098H         PUBLIC        SCON
  D:0088H         PUBLIC        TCON
  B:0090H.6       PUBLIC        P16
  X:081BH         PUBLIC        mt8880_send_countup
  D:00C7H         PUBLIC        IAP_CONTR
  C:2088H         PUBLIC        _send_string_to_console
  D:001BH         PUBLIC        cmd_input
  C:208BH         PUBLIC        _send_byte_to_console
  C:0813H         PUBLIC        _command
  C:207CH         PUBLIC        service
  D:00D0H         PUBLIC        PSW
  C:1AF7H         PUBLIC        _int_to_ascii
  -------         PROC          _COMMAND
  D:0022H         SYMBOL        cmd_input
BL51 BANKED LINKER/LOCATER V6.22                                                      02/28/2019  18:33:07  PAGE 33


  -------         DO            
  D:0025H         SYMBOL        mt8880_short_string
  X:0816H         SYMBOL        mt8880_short_string_input_counter
  -------         ENDDO         
  C:0813H         LINE#         33
  C:0819H         LINE#         34
  C:0819H         LINE#         35
  C:0822H         LINE#         36
  C:0829H         LINE#         38
  C:0831H         LINE#         39
  C:0831H         LINE#         41
  C:083DH         LINE#         42
  C:083DH         LINE#         43
  C:0846H         LINE#         44
  C:084DH         LINE#         45
  C:0850H         LINE#         46
  C:0857H         LINE#         47
  C:0859H         LINE#         48
  C:0859H         LINE#         51
  C:086BH         LINE#         52
  C:086BH         LINE#         53
  C:0874H         LINE#         54
  C:0877H         LINE#         55
  C:087AH         LINE#         56
  C:087CH         LINE#         57
  C:0885H         LINE#         59
  C:0892H         LINE#         61
  C:089BH         LINE#         62
  C:089EH         LINE#         63
  C:089EH         LINE#         65
  C:08A1H         LINE#         67
  C:08A1H         LINE#         69
  C:08B3H         LINE#         70
  C:08B3H         LINE#         71
  C:08B8H         LINE#         72
  C:08C1H         LINE#         73
  C:08C1H         LINE#         75
  C:08C4H         LINE#         77
  C:08C4H         LINE#         80
  C:08D6H         LINE#         81
  C:08D6H         LINE#         82
  C:08DBH         LINE#         83
  C:08E1H         LINE#         84
  C:08E1H         LINE#         86
  C:08E4H         LINE#         88
  C:08E4H         LINE#         91
  C:08F6H         LINE#         92
  C:08F6H         LINE#         93
  C:08FFH         LINE#         94
  C:0906H         LINE#         95
  C:090BH         LINE#         98
  C:0912H         LINE#         99
  C:0915H         LINE#         100
  C:0916H         LINE#         101
  C:0917H         LINE#         103
  C:091AH         LINE#         105
  C:091AH         LINE#         109
BL51 BANKED LINKER/LOCATER V6.22                                                      02/28/2019  18:33:07  PAGE 34


  C:092CH         LINE#         110
  C:092CH         LINE#         111
  C:0935H         LINE#         112
  C:093CH         LINE#         113
  C:0941H         LINE#         114
  C:0946H         LINE#         115
  C:0948H         LINE#         118
  C:094FH         LINE#         120
  C:0956H         LINE#         122
  C:0957H         LINE#         123
  C:0958H         LINE#         124
  C:095BH         LINE#         125
  C:095CH         LINE#         126
  C:095DH         LINE#         128
  C:0962H         LINE#         129
  C:0964H         LINE#         131
  C:096DH         LINE#         133
  C:0970H         LINE#         135
  C:0970H         LINE#         141
  C:0982H         LINE#         142
  C:0982H         LINE#         143
  C:098BH         LINE#         145
  C:0994H         LINE#         147
  C:099DH         LINE#         149
  C:09A4H         LINE#         151
  C:09A7H         LINE#         153
  C:09A7H         LINE#         161
  C:09BCH         LINE#         162
  C:09BCH         LINE#         163
  C:09BEH         LINE#         164
  C:09D3H         LINE#         165
  C:09D9H         LINE#         166
  C:09D9H         LINE#         167
  C:09E2H         LINE#         168
  C:09E4H         LINE#         169
  C:09E4H         LINE#         172
[...]
  C:0B1EH         LINE#         230
  C:0B30H         LINE#         232
  C:0B39H         LINE#         233
  C:0B39H         LINE#         234
  C:0B3BH         LINE#         236
  C:0B3BH         LINE#         240
  C:0B42H         LINE#         241
  C:0B49H         LINE#         242
  C:0B4CH         LINE#         243
  C:0B53H         LINE#         244
  C:0B60H         LINE#         246
  C:0B60H         LINE#         247
  -------         ENDPROC       _COMMAND
  -------         PROC          GET_COMMAND
  -------         DO            
  D:0022H         SYMBOL        input_counter
  -------         ENDDO         
  C:1719H         LINE#         251
  C:1719H         LINE#         252
  C:1719H         LINE#         253
  C:171CH         LINE#         257
  C:1722H         LINE#         258
  C:1722H         LINE#         259
  C:1730H         LINE#         260
  C:1732H         LINE#         261
  C:1748H         LINE#         262
  C:174EH         LINE#         263
  C:174EH         LINE#         264
  C:1754H         LINE#         265
  C:1754H         LINE#         266
  C:1754H         LINE#         267
  C:1756H         LINE#         268
  C:1756H         LINE#         270
  C:175AH         LINE#         271
  C:175AH         LINE#         272
  C:1769H         LINE#         273
  C:176BH         LINE#         274
  C:176DH         LINE#         275
  C:1774H         LINE#         276
  C:1774H         LINE#         277
BL51 BANKED LINKER/LOCATER V6.22                                                      02/28/2019  18:33:07  PAGE 36


  C:177DH         LINE#         278
  C:1784H         LINE#         279
  C:1791H         LINE#         280
  C:1793H         LINE#         281
  C:1793H         LINE#         282
  C:1798H         LINE#         285
  C:179BH         LINE#         286
  C:179DH         LINE#         287
  C:179FH         LINE#         288
  C:17A6H         LINE#         290
  C:17A6H         LINE#         336
  C:17ACH         LINE#         337
  -------         ENDPROC       GET_COMMAND
  -------         PROC          _SEND_STRING_TO_CONSOLE
  D:0001H         SYMBOL        p
  C:2088H         LINE#         339
  C:2088H         LINE#         340
  C:2088H         LINE#         343
  -------         ENDPROC       _SEND_STRING_TO_CONSOLE
  -------         PROC          _SEND_BYTE_TO_CONSOLE
  D:0007H         SYMBOL        data_input
  C:208BH         LINE#         355
  C:208BH         LINE#         356
  C:208BH         LINE#         359
  -------         ENDPROC       _SEND_BYTE_TO_CONSOLE
  -------         PROC          SERVICE
  C:207CH         LINE#         371
  C:207CH         LINE#         372
  C:207CH         LINE#         373
  C:207FH         LINE#         374
  -------         ENDPROC       SERVICE
  -------         PROC          L?0073
  -------         ENDPROC       L?0073
  -------         PROC          _INT_TO_ASCII
  D:0006H         SYMBOL        input
  C:1AF7H         LINE#         377
  C:1AF7H         LINE#         378
  C:1AF7H         LINE#         379
  C:1B25H         LINE#         380
  C:1B25H         LINE#         381
  C:1B25H         LINE#         382
  C:1B28H         LINE#         383
  C:1B28H         LINE#         384
  C:1B2BH         LINE#         385
  C:1B2BH         LINE#         386
  C:1B2EH         LINE#         387
  C:1B2EH         LINE#         388
  C:1B31H         LINE#         389
  C:1B31H         LINE#         390
  C:1B34H         LINE#         391
  C:1B34H         LINE#         392
  C:1B37H         LINE#         393
  C:1B37H         LINE#         394
  C:1B3AH         LINE#         395
  C:1B3AH         LINE#         396
  C:1B3DH         LINE#         397
  C:1B3DH         LINE#         398
BL51 BANKED LINKER/LOCATER V6.22                                                      02/28/2019  18:33:07  PAGE 37


  C:1B40H         LINE#         399
  C:1B40H         LINE#         400
  C:1B43H         LINE#         401
  C:1B43H         LINE#         402
  C:1B45H         LINE#         403
  -------         ENDPROC       _INT_TO_ASCII
  -------         PROC          SYSTEM_1000MS_TICK_MISSION
  -------         DO            
  X:0816H         SYMBOL        adc_cmd
  -------         ENDDO         
  C:0FE8H         LINE#         405
  C:0FE8H         LINE#         406
  C:0FE8H         LINE#         407
  C:0FF1H         LINE#         409
  C:0FFFH         LINE#         411
  C:1011H         LINE#         412
  C:1011H         LINE#         414
  C:1015H         LINE#         416
  C:102EH         LINE#         418
  C:103CH         LINE#         419
  C:103CH         LINE#         420
  C:1045H         LINE#         421
  C:1047H         LINE#         422
  C:1047H         LINE#         424
  C:1059H         LINE#         425
  C:105EH         LINE#         426
  C:1073H         LINE#         427
  C:107BH         LINE#         428
  C:1083H         LINE#         429
  C:1092H         LINE#         431
  C:10A1H         LINE#         432
  C:10B4H         LINE#         433
  C:10D4H         LINE#         434
  C:10E3H         LINE#         436
  C:10F1H         LINE#         438
  C:10FEH         LINE#         439
  C:10FEH         LINE#         441
  -------         ENDPROC       SYSTEM_1000MS_TICK_MISSION
  -------         ENDMOD        COMMAND

  -------         MODULE        EXINT
  C:0000H         SYMBOL        _ICE_DUMMY_
  D:0080H         PUBLIC        P0
  D:0090H         PUBLIC        P1
  D:00A0H         PUBLIC        P2
  D:00B0H         PUBLIC        P3
  D:00C0H         PUBLIC        P4
  D:00C8H         PUBLIC        P5
  B:00A8H.7       PUBLIC        EA
  D:00E8H         PUBLIC        P6
  D:00F8H         PUBLIC        P7
  D:00A8H         PUBLIC        IE
  D:00B8H         PUBLIC        IP
  D:00D8H         PUBLIC        CCON
  D:0098H         PUBLIC        SCON
  D:0088H         PUBLIC        TCON
  B:00B0H.2       PUBLIC        P32
BL51 BANKED LINKER/LOCATER V6.22                                                      02/28/2019  18:33:07  PAGE 38


  B:00B0H.3       PUBLIC        P33
  B:0088H.0       PUBLIC        IT0
  B:00A8H.0       PUBLIC        EX0
  B:0088H.2       PUBLIC        IT1
  B:00A8H.2       PUBLIC        EX1
  C:2053H         PUBLIC        exint0_cmd
  C:205CH         PUBLIC        exint1_cmd
  C:2041H         PUBLIC        exint0_init
  C:201AH         PUBLIC        exint2_cmd
  C:204AH         PUBLIC        exint1_init
  C:2082H         PUBLIC        exint2_init
  D:008FH         PUBLIC        INT_CLKO
  D:00D0H         PUBLIC        PSW
  -------         PROC          EXINT2_INIT
  C:2082H         LINE#         5
  C:2082H         LINE#         6
  C:2082H         LINE#         7
  C:2084H         LINE#         8
  C:2087H         LINE#         9
  -------         ENDPROC       EXINT2_INIT
  -------         PROC          EXINT0_INIT
  C:2041H         LINE#         11
  C:2041H         LINE#         12
  C:2041H         LINE#         13
  C:2043H         LINE#         14
  C:2045H         LINE#         15
  C:2047H         LINE#         16
  C:2049H         LINE#         17
  -------         ENDPROC       EXINT0_INIT
  -------         PROC          EXINT1_INIT
  C:204AH         LINE#         19
  C:204AH         LINE#         20
  C:204AH         LINE#         21
  C:204CH         LINE#         22
  C:204EH         LINE#         23
  C:2050H         LINE#         24
  C:2052H         LINE#         25
  -------         ENDPROC       EXINT1_INIT
  -------         PROC          EXINT2_CMD
  B:0020H.5       SYMBOL        state
  C:201AH         LINE#         28
  C:201AH         LINE#         29
  C:201AH         LINE#         30
  C:201DH         LINE#         31
  C:201DH         LINE#         32
  C:2020H         LINE#         33
  C:2021H         LINE#         35
  C:2021H         LINE#         36
  C:2024H         LINE#         37
  C:2024H         LINE#         38
  -------         ENDPROC       EXINT2_CMD
  -------         PROC          EXINT0_CMD
  B:0021H.3       SYMBOL        state
  C:2053H         LINE#         40
  C:2053H         LINE#         41
  C:2053H         LINE#         42
  C:2056H         LINE#         43
BL51 BANKED LINKER/LOCATER V6.22                                                      02/28/2019  18:33:07  PAGE 39


  C:2056H         LINE#         44
  C:2058H         LINE#         45
  C:2059H         LINE#         47
  C:2059H         LINE#         48
  C:205BH         LINE#         49
  C:205BH         LINE#         50
  -------         ENDPROC       EXINT0_CMD
  -------         PROC          EXINT1_CMD
  B:0021H.4       SYMBOL        state
  C:205CH         LINE#         52
  C:205CH         LINE#         53
  C:205CH         LINE#         54
  C:205FH         LINE#         55
  C:205FH         LINE#         56
  C:2061H         LINE#         57
  C:2062H         LINE#         59
  C:2062H         LINE#         60
  C:2064H         LINE#         61
  C:2064H         LINE#         62
  -------         ENDPROC       EXINT1_CMD
  -------         ENDMOD        EXINT

  -------         MODULE        SORT
  C:0000H         SYMBOL        _ICE_DUMMY_
  D:0080H         PUBLIC        P0
  D:0090H         PUBLIC        P1
  D:00A0H         PUBLIC        P2
  D:00B0H         PUBLIC        P3
  D:00C0H         PUBLIC        P4
  D:00C8H         PUBLIC        P5
  D:00E8H         PUBLIC        P6
  D:00F8H         PUBLIC        P7
  D:00A8H         PUBLIC        IE
  D:00B8H         PUBLIC        IP
  D:00D8H         PUBLIC        CCON
  D:0098H         PUBLIC        SCON
  D:0088H         PUBLIC        TCON
  C:13CCH         PUBLIC        _insert_sort
  D:00D0H         PUBLIC        PSW
  -------         PROC          _INSERT_SORT
  D:0001H         SYMBOL        a
  D:0008H         SYMBOL        length
  -------         DO            
  D:000AH         SYMBOL        j
  D:000CH         SYMBOL        key
  D:000EH         SYMBOL        i
  -------         ENDDO         
  C:13CCH         LINE#         4
  C:13D0H         LINE#         5
  C:13D0H         LINE#         8
  C:13EAH         LINE#         9
  C:13EAH         LINE#         10
  C:13FEH         LINE#         11
  C:1413H         LINE#         12
  C:1413H         LINE#         13
  C:1432H         LINE#         14
  C:1432H         LINE#         15
BL51 BANKED LINKER/LOCATER V6.22                                                      02/28/2019  18:33:07  PAGE 40


  C:1432H         LINE#         16
  C:1432H         LINE#         17
  C:1454H         LINE#         18
  C:145EH         LINE#         19
  C:1479H         LINE#         20
  C:1487H         LINE#         23
  -------         ENDPROC       _INSERT_SORT
  -------         ENDMOD        SORT

  -------         MODULE        X9C104
  C:0000H         SYMBOL        _ICE_DUMMY_
  D:0080H         PUBLIC        P0
  D:0090H         PUBLIC        P1
  D:00A0H         PUBLIC        P2
  D:00B0H         PUBLIC        P3
  D:00C0H         PUBLIC        P4
  D:00C8H         PUBLIC        P5
  D:00E8H         PUBLIC        P6
  D:001EH         PUBLIC        x9c104_position
  D:00F8H         PUBLIC        P7
  D:001FH         SYMBOL        x9c104_udstate
  D:00A8H         PUBLIC        IE
  D:00B8H         PUBLIC        IP
  D:00D8H         PUBLIC        CCON
  D:0098H         PUBLIC        SCON
  D:0088H         PUBLIC        TCON
  B:00B0H.2       PUBLIC        P32
  B:00B0H.3       PUBLIC        P33
  B:00B0H.4       PUBLIC        P34
  C:19B5H         PUBLIC        _x9c104_cmd
  C:1B99H         PUBLIC        x9c104_init
  D:00D0H         PUBLIC        PSW
  -------         PROC          _X9C104_CMD
  D:0044H         SYMBOL        cmd
  C:19B5H         LINE#         17
  C:19BBH         LINE#         18
  C:19BBH         LINE#         19
  C:19BDH         LINE#         20
  C:19C3H         LINE#         21
  C:19C3H         LINE#         22
  C:19C5H         LINE#         23
  C:19C7H         LINE#         25
  C:19C7H         LINE#         26
  C:19C9H         LINE#         27
  C:19C9H         LINE#         28
  C:19CCH         LINE#         29
  C:19CFH         LINE#         33
  C:19E3H         LINE#         34
  C:19E3H         LINE#         35
  C:19EBH         LINE#         36
  C:19EBH         LINE#         38
  C:19EDH         LINE#         40
  C:19FEH         LINE#         41
  C:19FEH         LINE#         42
  C:1A00H         LINE#         43
  C:1A03H         LINE#         44
  C:1A05H         LINE#         45
BL51 BANKED LINKER/LOCATER V6.22                                                      02/28/2019  18:33:07  PAGE 41


  C:1A08H         LINE#         46
  C:1A18H         LINE#         48
  C:1A1AH         LINE#         49
  C:1A1DH         LINE#         50
  C:1A20H         LINE#         51
  C:1A22H         LINE#         52
  -------         ENDPROC       _X9C104_CMD
  -------         PROC          X9C104_INIT
  -------         DO            
  D:0048H         SYMBOL        temp
  -------         ENDDO         
  C:1B99H         LINE#         60
  C:1B99H         LINE#         61
  C:1B99H         LINE#         62
  C:1B9CH         LINE#         64
  C:1B9EH         LINE#         65
  C:1BA4H         LINE#         66
  C:1BA6H         LINE#         67
  C:1BA8H         LINE#         68
  C:1BABH         LINE#         69
  C:1BAEH         LINE#         71
  C:1BB5H         LINE#         72
  C:1BB5H         LINE#         73
  C:1BB7H         LINE#         74
  C:1BBAH         LINE#         75
  C:1BBCH         LINE#         76
  C:1BBFH         LINE#         77
  C:1BC3H         LINE#         79
  C:1BC5H         LINE#         80
  C:1BC8H         LINE#         81
  C:1BCBH         LINE#         83
  C:1BCEH         LINE#         84
  C:1BCEH         LINE#         85
  C:1BD0H         LINE#         86
  C:1BD3H         LINE#         87
  C:1BD5H         LINE#         88
  C:1BD8H         LINE#         89
  C:1BE1H         LINE#         91
  C:1BE3H         LINE#         92
  C:1BE6H         LINE#         93
  C:1BE9H         LINE#         94
  C:1BEBH         LINE#         95
  -------         ENDPROC       X9C104_INIT
  -------         ENDMOD        X9C104

  -------         MODULE        ?C?COPY
  C:015EH         PUBLIC        ?C?COPY
  -------         ENDMOD        ?C?COPY

  -------         MODULE        ?C?CLDPTR
  C:0184H         PUBLIC        ?C?CLDPTR
  -------         ENDMOD        ?C?CLDPTR

  -------         MODULE        ?C?CLDOPTR
  C:019DH         PUBLIC        ?C?CLDOPTR
  -------         ENDMOD        ?C?CLDOPTR

BL51 BANKED LINKER/LOCATER V6.22                                                      02/28/2019  18:33:07  PAGE 42


  -------         MODULE        ?C?CILDOPTR
  C:01CAH         PUBLIC        ?C?CILDOPTR
  -------         ENDMOD        ?C?CILDOPTR

  -------         MODULE        ?C?CSTPTR
  C:01FDH         PUBLIC        ?C?CSTPTR
  -------         ENDMOD        ?C?CSTPTR

  -------         MODULE        ?C?CSTOPTR
  C:020FH         PUBLIC        ?C?CSTOPTR
  -------         ENDMOD        ?C?CSTOPTR

  -------         MODULE        ?C?UIDIV
  C:0231H         PUBLIC        ?C?UIDIV
  -------         ENDMOD        ?C?UIDIV

  -------         MODULE        ?C?ILDPTR
  C:0286H         PUBLIC        ?C?ILDPTR
  -------         ENDMOD        ?C?ILDPTR

  -------         MODULE        ?C?ILDOPTR
  C:02B1H         PUBLIC        ?C?ILDOPTR
  -------         ENDMOD        ?C?ILDOPTR

  -------         MODULE        ?C?ISTPTR
  C:02E9H         PUBLIC        ?C?ISTPTR
  -------         ENDMOD        ?C?ISTPTR

  -------         MODULE        ?C?ISTOPTR
  C:0308H         PUBLIC        ?C?ISTOPTR
  -------         ENDMOD        ?C?ISTOPTR

  -------         MODULE        ?C?LMUL
  C:0335H         PUBLIC        ?C?LMUL
  -------         ENDMOD        ?C?LMUL

  -------         MODULE        ?C?ULDIV
  C:03C0H         PUBLIC        ?C?ULDIV
  -------         ENDMOD        ?C?ULDIV

  -------         MODULE        ?C?LSHL
  C:0452H         PUBLIC        ?C?LSHL
  -------         ENDMOD        ?C?LSHL

  -------         MODULE        ?C?LLDOPTR
  C:0465H         PUBLIC        ?C?LLDOPTR
  -------         ENDMOD        ?C?LLDOPTR

  -------         MODULE        ?C?LSTOPTR
  C:0495H         PUBLIC        ?C?LSTOPTR
  -------         ENDMOD        ?C?LSTOPTR

  -------         MODULE        ?C?LLDOPTR0
  C:04B9H         PUBLIC        ?C?LLDOPTR0
  -------         ENDMOD        ?C?LLDOPTR0

  -------         MODULE        ?C?LSTKOPTR
BL51 BANKED LINKER/LOCATER V6.22                                                      02/28/2019  18:33:07  PAGE 43


  C:04E9H         PUBLIC        ?C?LSTKOPTR
  -------         ENDMOD        ?C?LSTKOPTR

  -------         MODULE        ?C?CCASE
  C:050DH         PUBLIC        ?C?CCASE
  -------         ENDMOD        ?C?CCASE

  -------         MODULE        ?C?STRCMP
  C:06B1H         PUBLIC        ?C?STRCMP
  -------         ENDMOD        ?C?STRCMP

  -------         MODULE        ?C?MEMSET
  C:06CEH         PUBLIC        ?C?MEMSET
  -------         ENDMOD        ?C?MEMSET

  -------         MODULE        MALLOC
  C:167DH         PUBLIC        _malloc
  -------         ENDMOD        MALLOC

  -------         MODULE        INIT_MEM
  X:0808H         PUBLIC        __mem_avail__
  C:1D8EH         PUBLIC        _init_mempool
  -------         ENDMOD        INIT_MEM

  -------         MODULE        CALLOC
  C:0026H         PUBLIC        _calloc
  -------         ENDMOD        CALLOC

  -------         MODULE        FREE
  C:1206H         PUBLIC        _free
  -------         ENDMOD        FREE

  -------         MODULE        ?C?IMUL
  C:06FAH         PUBLIC        ?C?IMUL
  -------         ENDMOD        ?C?IMUL

  -------         MODULE        ?C?IILDX
  C:070CH         PUBLIC        ?C?IILDX
  -------         ENDMOD        ?C?IILDX

  -------         MODULE        ?C?LLDIDATA
  C:0722H         PUBLIC        ?C?LLDIDATA
  -------         ENDMOD        ?C?LLDIDATA

  -------         MODULE        ?C?LLDXDATA
  C:072EH         PUBLIC        ?C?LLDXDATA
  -------         ENDMOD        ?C?LLDXDATA

  -------         MODULE        ?C?LLDPDATA
  C:073AH         PUBLIC        ?C?LLDPDATA
  -------         ENDMOD        ?C?LLDPDATA

  -------         MODULE        ?C?LLDCODE
  C:0746H         PUBLIC        ?C?LLDCODE
  -------         ENDMOD        ?C?LLDCODE

  -------         MODULE        ?C?LLDIDATA0
BL51 BANKED LINKER/LOCATER V6.22                                                      02/28/2019  18:33:07  PAGE 44


  C:0756H         PUBLIC        ?C?LLDIDATA0
  -------         ENDMOD        ?C?LLDIDATA0

  -------         MODULE        ?C?LLDXDATA0
  C:0763H         PUBLIC        ?C?LLDXDATA0
  -------         ENDMOD        ?C?LLDXDATA0

  -------         MODULE        ?C?LLDPDATA0
  C:076FH         PUBLIC        ?C?LLDPDATA0
  -------         ENDMOD        ?C?LLDPDATA0

  -------         MODULE        ?C?LLDCODE0
  C:077CH         PUBLIC        ?C?LLDCODE0
  -------         ENDMOD        ?C?LLDCODE0

  -------         MODULE        ?C?LSTIDATA
  C:078CH         PUBLIC        ?C?LSTIDATA
  -------         ENDMOD        ?C?LSTIDATA

  -------         MODULE        ?C?LSTXDATA
  C:0798H         PUBLIC        ?C?LSTXDATA
  -------         ENDMOD        ?C?LSTXDATA

  -------         MODULE        ?C?LSTPDATA
  C:07A4H         PUBLIC        ?C?LSTPDATA
  -------         ENDMOD        ?C?LSTPDATA

  -------         MODULE        ?C?LSTKIDATA
  C:07B0H         PUBLIC        ?C?LSTKIDATA
  -------         ENDMOD        ?C?LSTKIDATA

  -------         MODULE        ?C?LSTKXDATA
  C:07C9H         PUBLIC        ?C?LSTKXDATA
  -------         ENDMOD        ?C?LSTKXDATA

  -------         MODULE        ?C?LSTKPDATA
  C:07FAH         PUBLIC        ?C?LSTKPDATA
  -------         ENDMOD        ?C?LSTKPDATA

Program Size: data=73.5 xdata=2077 code=8334
LINK/LOCATE RUN COMPLETE.  0 WARNING(S),  0 ERROR(S)
